INFO  Using log config file: jar:file:/${GHIDRA_HOME}/Ghidra/Framework/Generic/lib/Generic.jar!/generic.log4j.xml (LoggingInitialization)
INFO  Using log file: ${APPDATA}\ghidra\ghidra_12.1.2_PUBLIC\application.log (LoggingInitialization)
INFO  Loading user preferences: ${APPDATA}\ghidra\ghidra_12.1.2_PUBLIC\preferences (Preferences)
INFO  Loading previous preferences: ${APPDATA}\ghidra\ghidra_12.1.3_PUBLIC\preferences (Preferences)
INFO  Searching for classes... (ClassSearcher)
INFO  Class search complete (559 ms) (ClassSearcher)
INFO  Initializing SSL Context (DefaultSSLContextInitializer)
INFO  Initializing Random Number Generator... (SecureRandomFactory)
INFO  Random Number Generator initialization complete: SHA1PRNG (SecureRandomFactory)
INFO  Trust manager disabled, cacerts have not been set (DefaultTrustManagerFactory)
INFO  Headless startup complete (1733 ms) (AnalyzeHeadless)
INFO  Class searcher loaded 59 extension points (20 false positives) (ClassSearcher)
INFO  HEADLESS Script Paths:
    ${GHIDRA_HOME}\Ghidra\Features\SwiftDemangler\ghidra_scripts
    ${GHIDRA_HOME}\Ghidra\Processors\PIC\ghidra_scripts
    ${GHIDRA_HOME}\Ghidra\Processors\JVM\ghidra_scripts
    ${GHIDRA_HOME}\Ghidra\Features\DecompilerDependent\ghidra_scripts
    ${GHIDRA_HOME}\Ghidra\Features\Decompiler\ghidra_scripts
    ${GHIDRA_HOME}\Ghidra\Processors\DATA\ghidra_scripts
    ${GHIDRA_HOME}\Ghidra\Processors\8051\ghidra_scripts
    ${GHIDRA_HOME}\Ghidra\Processors\Atmel\ghidra_scripts
    ${GHIDRA_HOME}\Ghidra\Features\PDB\ghidra_scripts
    ${GHIDRA_HOME}\Ghidra\Features\WildcardAssembler\ghidra_scripts
    ${GHIDRA_HOME}\Ghidra\Features\GnuDemangler\ghidra_scripts
    ${GHIDRA_HOME}\Ghidra\Features\PyGhidra\ghidra_scripts
    ${GHIDRA_HOME}\Ghidra\Debug\Debugger\ghidra_scripts
    ${GHIDRA_HOME}\Ghidra\Features\SystemEmulation\ghidra_scripts
    ${REPOSITORY_ROOT}\benches\ghidra-unpack
    ${GHIDRA_HOME}\Ghidra\Features\BSim\ghidra_scripts
    ${GHIDRA_HOME}\Ghidra\Features\MicrosoftCodeAnalyzer\ghidra_scripts
    ${GHIDRA_HOME}\Ghidra\Features\Base\ghidra_scripts
    ${GHIDRA_HOME}\Ghidra\Features\FunctionID\ghidra_scripts
    ${GHIDRA_HOME}\Ghidra\Debug\Debugger-rmi-trace\ghidra_scripts
    ${GHIDRA_HOME}\Ghidra\Features\FileFormats\ghidra_scripts
    ${GHIDRA_HOME}\Ghidra\Features\VersionTracking\ghidra_scripts
    ${GHIDRA_HOME}\Ghidra\Features\BytePatterns\ghidra_scripts (HeadlessAnalyzer)
INFO  HEADLESS: execution starts (HeadlessAnalyzer)
INFO  Creating temporary project: ${RUN_DIRECTORY}\projects\aspack_accessenum_unpacked-aef8a20fff8740e19df7410dffedf838\aspack_accessenum_unpacked (HeadlessAnalyzer)
INFO  Creating project: ${RUN_DIRECTORY}\projects\aspack_accessenum_unpacked-aef8a20fff8740e19df7410dffedf838\aspack_accessenum_unpacked (DefaultProject)
INFO  REPORT: Processing input files:  (HeadlessAnalyzer)
INFO       project: ${RUN_DIRECTORY}\projects\aspack_accessenum_unpacked-aef8a20fff8740e19df7410dffedf838\aspack_accessenum_unpacked (HeadlessAnalyzer)
INFO  IMPORTING: file:///${RUN_DIRECTORY}/export/aspack_accessenum-918f96f8f44440d18eec95712b9c0056/AccessEnum.packed.aspack.unpacked.exe (HeadlessAnalyzer)
WARN  Section .adata begins after end of file! (FileHeader)
INFO  Using Loader: Portable Executable (PE) (ProgramLoader)
INFO  Using Language/Compiler: x86:LE:32:default:windows (ProgramLoader)
INFO  Using Library Search Path: [host-specific search path omitted from public export]
WARN  Section .adata begins after end of file! (FileHeader)
WARN  Certificate address is not valid. (SecurityDataDirectory)
ERROR Invalid debug pointerToRawData + sizeOfData: 0x29038 (DebugDirectory)
WARN  Virtual entry point at 7a98 (PeLoader)
WARN  Invalid or missing function at 100754dc (ExportDataDirectory)
INFO  TLS callbacks at 1000374c (TLSDirectory)
INFO  TLS callbacks at 10001fec (TLSDirectory)
INFO  TLS callbacks at 100057bc (TLSDirectory)
INFO  TLS callbacks at 10006fe4 (TLSDirectory)
WARN  Invalid or missing function at 1008ea38 (ExportDataDirectory)
INFO  TLS callbacks at 10029368 (TLSDirectory)
WARN  Invalid or missing function at 105df15c (ExportDataDirectory)
WARN  Invalid or missing function at 100ca39c (ExportDataDirectory)
INFO  Additional info:
Loading file:///${RUN_DIRECTORY}/export/aspack_accessenum-918f96f8f44440d18eec95712b9c0056/AccessEnum.packed.aspack.unpacked.exe?MD5=8b051f66294ac17e71d65f377a2bb183...
[AccessEnum.packed.aspack.unpacked.exe]: failed to create MenuResource at 00428690: Conflicting data exists at address 00429998 to 00429acb
[AccessEnum.packed.aspack.unpacked.exe]: failed to create MenuResource at 004287a8: Conflicting data exists at address 00429998 to 00429acb
------------------------------------------------

Searching 45 paths for library ADVAPI32.DLL...
Loading file:///${SYSTEM_ROOT}/SysWOW64/advapi32.dll?MD5=e05908f79c914e9f6915632c7a37dd91...
Using existing exports file: ${APPDATA}\ghidra\ghidra_12.1.2_PUBLIC\symbols\win32\advapi32.exports
Library not saved to project.
------------------------------------------------

Searching 45 paths for library COMCTL32.DLL...
Loading file:///${SYSTEM_ROOT}/SysWOW64/comctl32.dll?MD5=a19d57953ec5f48772f24bad3b51dcac...
Using existing exports file: ${APPDATA}\ghidra\ghidra_12.1.2_PUBLIC\symbols\win32\comctl32.exports
Library not saved to project.
------------------------------------------------

Searching 45 paths for library COMDLG32.DLL...
Loading file:///${SYSTEM_ROOT}/SysWOW64/comdlg32.dll?MD5=dff2875ca3b15b633c9ca94d3f6a5068...
Using existing exports file: ${APPDATA}\ghidra\ghidra_12.1.2_PUBLIC\symbols\win32\comdlg32.exports
Library not saved to project.
------------------------------------------------

Searching 45 paths for library GDI32.DLL...
Loading file:///${SYSTEM_ROOT}/SysWOW64/gdi32.dll?MD5=37002dbb23f87dae9ebd7dd7b5051995...
Using existing exports file: ${APPDATA}\ghidra\ghidra_12.1.2_PUBLIC\symbols\win32\gdi32.exports
Library not saved to project.
------------------------------------------------

Searching 45 paths for library KERNEL32.DLL...
Loading file:///${SYSTEM_ROOT}/SysWOW64/kernel32.dll?MD5=2d8ecc5a2aade7639ca790ef2e8e6e36...
Using existing exports file: ${APPDATA}\ghidra\ghidra_12.1.2_PUBLIC\symbols\win32\kernel32.exports
Library not saved to project.
------------------------------------------------

Searching 45 paths for library MPR.DLL...
Loading file:///${SYSTEM_ROOT}/SysWOW64/mpr.dll?MD5=a5c1f43a18f6fe5458245c83e1cd2f0d...
Using existing exports file: ${APPDATA}\ghidra\ghidra_12.1.2_PUBLIC\symbols\win32\mpr.exports
Library not saved to project.
------------------------------------------------

Searching 45 paths for library MSVCRT.DLL...
Loading file:///${SYSTEM_ROOT}/SysWOW64/msvcrt.dll?MD5=079c06cb751ea84b73478446475593b2...
Using existing exports file: ${APPDATA}\ghidra\ghidra_12.1.2_PUBLIC\symbols\win32\msvcrt.exports
Library not saved to project.
------------------------------------------------

Searching 45 paths for library NETAPI32.DLL...
Loading file:///${SYSTEM_ROOT}/SysWOW64/netapi32.dll?MD5=2741997fabdb9f46d921600497a24a8a...
Using existing exports file: ${APPDATA}\ghidra\ghidra_12.1.2_PUBLIC\symbols\win32\netapi32.exports
Library not saved to project.
------------------------------------------------

Searching 45 paths for library OLE32.DLL...
Loading file:///${SYSTEM_ROOT}/SysWOW64/ole32.dll?MD5=bba0731f1f2c4d80e9f44654ddc7bb32...
[ole32.dll]: failed to create WEVTResource at 10138740: Failed to resolve data length for WEVTResource
Using existing exports file: ${APPDATA}\ghidra\ghidra_12.1.2_PUBLIC\symbols\win32\ole32.exports
Library not saved to project.
------------------------------------------------

Searching 45 paths for library OLEAUT32.DLL...
Loading file:///${SYSTEM_ROOT}/SysWOW64/oleaut32.dll?MD5=e6bbb4eefacdda667ee95436a6e49d58...
Using existing exports file: ${APPDATA}\ghidra\ghidra_12.1.2_PUBLIC\symbols\win32\oleaut32.exports
Library not saved to project.
------------------------------------------------

Searching 45 paths for library SHELL32.DLL...
Loading file:///${SYSTEM_ROOT}/SysWOW64/shell32.dll?MD5=7848d41f2d67e2e67cb702cc95228507...
Using existing exports file: ${APPDATA}\ghidra\ghidra_12.1.2_PUBLIC\symbols\win32\shell32.exports
Library not saved to project.
------------------------------------------------

Searching 45 paths for library USER32.DLL...
Loading file:///${SYSTEM_ROOT}/SysWOW64/user32.dll?MD5=f20db7901b5acab93edf2366986a6fd3...
[user32.dll]: failed to create WEVTResource at 100e7a70: Failed to resolve data length for WEVTResource
Using existing exports file: ${APPDATA}\ghidra\ghidra_12.1.2_PUBLIC\symbols\win32\user32.exports
Library not saved to project.
------------------------------------------------

Applying ${APPDATA}\ghidra\ghidra_12.1.2_PUBLIC\symbols\win32\kernel32.exports
Applying ${APPDATA}\ghidra\ghidra_12.1.2_PUBLIC\symbols\win32\user32.exports
Applying ${APPDATA}\ghidra\ghidra_12.1.2_PUBLIC\symbols\win32\gdi32.exports
Applying ${APPDATA}\ghidra\ghidra_12.1.2_PUBLIC\symbols\win32\comdlg32.exports
Applying ${APPDATA}\ghidra\ghidra_12.1.2_PUBLIC\symbols\win32\advapi32.exports
Applying ${APPDATA}\ghidra\ghidra_12.1.2_PUBLIC\symbols\win32\shell32.exports
Applying ${APPDATA}\ghidra\ghidra_12.1.2_PUBLIC\symbols\win32\ole32.exports
Applying ${APPDATA}\ghidra\ghidra_12.1.2_PUBLIC\symbols\win32\oleaut32.exports
Applying ${APPDATA}\ghidra\ghidra_12.1.2_PUBLIC\symbols\win32\comctl32.exports
Applying ${APPDATA}\ghidra\ghidra_12.1.2_PUBLIC\symbols\win32\netapi32.exports
Applying ${APPDATA}\ghidra\ghidra_12.1.2_PUBLIC\symbols\win32\mpr.exports
Applying ${APPDATA}\ghidra\ghidra_12.1.2_PUBLIC\symbols\win32\msvcrt.exports
Linking the External Programs of 'AccessEnum.packed.aspack.unpacked.exe' to imported libraries...
  [KERNEL32.DLL] -> not found in project
  [USER32.DLL] -> not found in project
  [GDI32.DLL] -> not found in project
  [COMDLG32.DLL] -> not found in project
  [ADVAPI32.DLL] -> not found in project
  [SHELL32.DLL] -> not found in project
  [OLE32.DLL] -> not found in project
  [OLEAUT32.DLL] -> not found in project
  [COMCTL32.DLL] -> not found in project
  [NETAPI32.DLL] -> not found in project
  [MPR.DLL] -> not found in project
  [MSVCRT.DLL] -> not found in project
------------------------------------------------

 (ProgramLoader)
INFO  IMPORTING: Loaded 0 additional files (HeadlessAnalyzer)
INFO  ANALYZING all memory and code: file:///${RUN_DIRECTORY}/export/aspack_accessenum-918f96f8f44440d18eec95712b9c0056/AccessEnum.packed.aspack.unpacked.exe (HeadlessAnalyzer)
WARN  Ignoring leading '_' chars on no-return name '___raise_securityfailure' specified in file: ${GHIDRA_HOME}\Ghidra\Features\Base\data\PEFunctionsThatDoNotReturn (NoReturnFunctionAnalyzer)
WARN  Ignoring leading '_' chars on no-return name '___report_rangecheckfailure' specified in file: ${GHIDRA_HOME}\Ghidra\Features\Base\data\PEFunctionsThatDoNotReturn (NoReturnFunctionAnalyzer)
INFO  Skipping PDB processing: missing PDB information in program metadata (PdbUniversalAnalyzer)
INFO  Packed database cache: ${LOCALAPPDATA}\ghidra\packed-db-cache (PackedDatabaseCache)
INFO  Applied data type archive: windows_vs12_32 (ApplyDataArchiveAnalyzer)
WARN  Decompiling 00404f5a, pcode error at f00000a7: Could not follow disassembly flow into non-existing memory at f00000a7 (DecompileCallback)
WARN  Decompiling 00404f5a, pcode error at 0040801c: Unable to resolve constructor at 0040801c (DecompileCallback)
WARN  Decompiling 00407a50, pcode error at f00000a7: Could not follow disassembly flow into non-existing memory at f00000a7 (DecompileCallback)
WARN  Decompiling 00407a50, pcode error at 0040801c: Unable to resolve constructor at 0040801c (DecompileCallback)
WARN  Decompiling 004079ce, pcode error at f00000a7: Could not follow disassembly flow into non-existing memory at f00000a7 (DecompileCallback)
WARN  Decompiling 004079ce, pcode error at 0040801c: Unable to resolve constructor at 0040801c (DecompileCallback)
WARN  Decompiling 004071fa, pcode error at f00000a7: Could not follow disassembly flow into non-existing memory at f00000a7 (DecompileCallback)
WARN  Decompiling 004071fa, pcode error at 0040801c: Unable to resolve constructor at 0040801c (DecompileCallback)
WARN  Decompiling 00407a98, pcode error at f00000a7: Could not follow disassembly flow into non-existing memory at f00000a7 (DecompileCallback)
WARN  Decompiling 00407a98, pcode error at 0040801c: Unable to resolve constructor at 0040801c (DecompileCallback)
WARN  Decompiling 004079e0, pcode error at f00000a7: Could not follow disassembly flow into non-existing memory at f00000a7 (DecompileCallback)
WARN  Decompiling 004079e0, pcode error at 0040801c: Unable to resolve constructor at 0040801c (DecompileCallback)
WARN  Decompiling 00407a10, pcode error at f00000a7: Could not follow disassembly flow into non-existing memory at f00000a7 (DecompileCallback)
WARN  Decompiling 00407a10, pcode error at 0040801c: Unable to resolve constructor at 0040801c (DecompileCallback)
WARN  Decompiling 00407218, pcode error at f00000a7: Could not follow disassembly flow into non-existing memory at f00000a7 (DecompileCallback)
WARN  Decompiling 00407218, pcode error at 0040801c: Unable to resolve constructor at 0040801c (DecompileCallback)
WARN  Decompiling 00407212, pcode error at f00000a7: Could not follow disassembly flow into non-existing memory at f00000a7 (DecompileCallback)
WARN  Decompiling 00407212, pcode error at 0040801c: Unable to resolve constructor at 0040801c (DecompileCallback)
WARN  Decompiling 00406899, pcode error at f00000a7: Could not follow disassembly flow into non-existing memory at f00000a7 (DecompileCallback)
WARN  Decompiling 00406899, pcode error at 0040801c: Unable to resolve constructor at 0040801c (DecompileCallback)
WARN  Decompiling 00406317, pcode error at f00000a7: Could not follow disassembly flow into non-existing memory at f00000a7 (DecompileCallback)
WARN  Decompiling 00406317, pcode error at 0040801c: Unable to resolve constructor at 0040801c (DecompileCallback)
WARN  Decompiling 00405191, pcode error at f00000a7: Could not follow disassembly flow into non-existing memory at f00000a7 (DecompileCallback)
WARN  Decompiling 00405191, pcode error at 0040801c: Unable to resolve constructor at 0040801c (DecompileCallback)
WARN  Decompiling 00406608, pcode error at f00000a7: Could not follow disassembly flow into non-existing memory at f00000a7 (DecompileCallback)
WARN  Decompiling 00406608, pcode error at 0040801c: Unable to resolve constructor at 0040801c (DecompileCallback)
WARN  Decompiling 00407985, pcode error at f00000a7: Could not follow disassembly flow into non-existing memory at f00000a7 (DecompileCallback)
WARN  Decompiling 00407985, pcode error at 0040801c: Unable to resolve constructor at 0040801c (DecompileCallback)
WARN  Decompiling 00405e0f, pcode error at f00000a7: Could not follow disassembly flow into non-existing memory at f00000a7 (DecompileCallback)
WARN  Decompiling 00405e0f, pcode error at 0040801c: Unable to resolve constructor at 0040801c (DecompileCallback)
WARN  Decompiling 00406006, pcode error at f00000a7: Could not follow disassembly flow into non-existing memory at f00000a7 (DecompileCallback)
WARN  Decompiling 00406006, pcode error at 0040801c: Unable to resolve constructor at 0040801c (DecompileCallback)
WARN  Decompiling 00407a38, pcode error at f00000a7: Could not follow disassembly flow into non-existing memory at f00000a7 (DecompileCallback)
WARN  Decompiling 00407a38, pcode error at 0040801c: Unable to resolve constructor at 0040801c (DecompileCallback)
WARN  Decompiling 004079b0, pcode error at f00000a7: Could not follow disassembly flow into non-existing memory at f00000a7 (DecompileCallback)
WARN  Decompiling 004079b0, pcode error at 0040801c: Unable to resolve constructor at 0040801c (DecompileCallback)
WARN  Decompiling 00407200, pcode error at f00000a7: Could not follow disassembly flow into non-existing memory at f00000a7 (DecompileCallback)
WARN  Decompiling 00407200, pcode error at 0040801c: Unable to resolve constructor at 0040801c (DecompileCallback)
WARN  Decompiling 004053ab, pcode error at f00000a7: Could not follow disassembly flow into non-existing memory at f00000a7 (DecompileCallback)
WARN  Decompiling 004053ab, pcode error at 0040801c: Unable to resolve constructor at 0040801c (DecompileCallback)
WARN  Decompiling 00404eaa, pcode error at f00000a7: Could not follow disassembly flow into non-existing memory at f00000a7 (DecompileCallback)
WARN  Decompiling 00404eaa, pcode error at 0040801c: Unable to resolve constructor at 0040801c (DecompileCallback)
WARN  Decompiling 00404fa1, pcode error at f00000a7: Could not follow disassembly flow into non-existing memory at f00000a7 (DecompileCallback)
WARN  Decompiling 00404fa1, pcode error at 0040801c: Unable to resolve constructor at 0040801c (DecompileCallback)
WARN  Decompiling 00407a20, pcode error at f00000a7: Could not follow disassembly flow into non-existing memory at f00000a7 (DecompileCallback)
WARN  Decompiling 00407a20, pcode error at 0040801c: Unable to resolve constructor at 0040801c (DecompileCallback)
WARN  Decompiling 00404de1, pcode error at f00000a7: Could not follow disassembly flow into non-existing memory at f00000a7 (DecompileCallback)
WARN  Decompiling 00404de1, pcode error at 0040801c: Unable to resolve constructor at 0040801c (DecompileCallback)
INFO  -----------------------------------------------------
    ASCII Strings                              0.208 secs
    Apply Data Archives                        0.461 secs
    Call Convention ID                         0.000 secs
    Call-Fixup Installer                       0.000 secs
    Create Address Tables                      0.015 secs
    Create Address Tables - One Time           0.030 secs
    Create Function                            0.017 secs
    Data Reference                             0.013 secs
    Decompiler Parameter ID                   20.729 secs
    Decompiler Switch Analysis                 0.003 secs
    Demangler Microsoft                        0.007 secs
    Disassemble                                0.143 secs
    Disassemble Entry Points                   0.022 secs
    Embedded Media                             0.005 secs
    External Entry References                  0.000 secs
    Function ID                                0.111 secs
    Function Start Pre Search                  0.003 secs
    Function Start Search                      0.021 secs
    Function Start Search After Code           0.001 secs
    Function Start Search After Data           0.003 secs
    Non-Returning Functions - Discovered       0.035 secs
    Non-Returning Functions - Known            0.002 secs
    PDB Universal                              0.001 secs
    Reference                                  0.021 secs
    Scalar Operand References                  0.024 secs
    Shared Return Calls                        0.004 secs
    Stack                                      0.175 secs
    Subroutine References                      0.006 secs
    Windows x86 PE Exception Handling          0.005 secs
    Windows x86 PE RTTI Analyzer               0.026 secs
    Windows x86 Thread Environment Block (TEB) Analyzer     0.006 secs
    WindowsResourceReference                   0.352 secs
    X86 Function Callee Purge                  0.004 secs
    x86 Constant Reference Analyzer            0.203 secs
-----------------------------------------------------
     Total Time   22 secs
-----------------------------------------------------
 (AutoAnalysisManager)
INFO  REPORT: Analysis succeeded for file: file:///${RUN_DIRECTORY}/export/aspack_accessenum-918f96f8f44440d18eec95712b9c0056/AccessEnum.packed.aspack.unpacked.exe (HeadlessAnalyzer)
INFO  REPORT: Execute script: DisrobeMetrics.java '${RUN_DIRECTORY}\metrics\aspack_accessenum_unpacked.json'  (HeadlessAnalyzer)
INFO  SCRIPT: ${REPOSITORY_ROOT}\benches\ghidra-unpack\DisrobeMetrics.java (HeadlessAnalyzer)
WARN  Decompiling 00404eaa, pcode error at f00000a7: Could not follow disassembly flow into non-existing memory at f00000a7 (DecompileCallback)
WARN  Decompiling 00404eaa, pcode error at 0040801c: Unable to resolve constructor at 0040801c (DecompileCallback)
WARN  Decompiling 00404f5a, pcode error at f00000a7: Could not follow disassembly flow into non-existing memory at f00000a7 (DecompileCallback)
WARN  Decompiling 00404f5a, pcode error at 0040801c: Unable to resolve constructor at 0040801c (DecompileCallback)
WARN  Decompiling 00404de1, pcode error at f00000a7: Could not follow disassembly flow into non-existing memory at f00000a7 (DecompileCallback)
WARN  Decompiling 00404de1, pcode error at 0040801c: Unable to resolve constructor at 0040801c (DecompileCallback)
WARN  Decompiling 00404fa1, pcode error at f00000a7: Could not follow disassembly flow into non-existing memory at f00000a7 (DecompileCallback)
WARN  Decompiling 00404fa1, pcode error at 0040801c: Unable to resolve constructor at 0040801c (DecompileCallback)
WARN  Decompiling 00405191, pcode error at f00000a7: Could not follow disassembly flow into non-existing memory at f00000a7 (DecompileCallback)
WARN  Decompiling 00405191, pcode error at 0040801c: Unable to resolve constructor at 0040801c (DecompileCallback)
WARN  Decompiling 004053ab, pcode error at f00000a7: Could not follow disassembly flow into non-existing memory at f00000a7 (DecompileCallback)
WARN  Decompiling 004053ab, pcode error at 0040801c: Unable to resolve constructor at 0040801c (DecompileCallback)
WARN  Decompiling 00406006, pcode error at f00000a7: Could not follow disassembly flow into non-existing memory at f00000a7 (DecompileCallback)
WARN  Decompiling 00406006, pcode error at 0040801c: Unable to resolve constructor at 0040801c (DecompileCallback)
WARN  Decompiling 00405e0f, pcode error at f00000a7: Could not follow disassembly flow into non-existing memory at f00000a7 (DecompileCallback)
WARN  Decompiling 00405e0f, pcode error at 0040801c: Unable to resolve constructor at 0040801c (DecompileCallback)
WARN  Decompiling 00406317, pcode error at f00000a7: Could not follow disassembly flow into non-existing memory at f00000a7 (DecompileCallback)
WARN  Decompiling 00406317, pcode error at 0040801c: Unable to resolve constructor at 0040801c (DecompileCallback)
WARN  Decompiling 00406608, pcode error at f00000a7: Could not follow disassembly flow into non-existing memory at f00000a7 (DecompileCallback)
WARN  Decompiling 00406608, pcode error at 0040801c: Unable to resolve constructor at 0040801c (DecompileCallback)
WARN  Decompiling 00406899, pcode error at f00000a7: Could not follow disassembly flow into non-existing memory at f00000a7 (DecompileCallback)
WARN  Decompiling 00406899, pcode error at 0040801c: Unable to resolve constructor at 0040801c (DecompileCallback)
WARN  Decompiling 004071fa, pcode error at f00000a7: Could not follow disassembly flow into non-existing memory at f00000a7 (DecompileCallback)
WARN  Decompiling 004071fa, pcode error at 0040801c: Unable to resolve constructor at 0040801c (DecompileCallback)
WARN  Decompiling 00407200, pcode error at f00000a7: Could not follow disassembly flow into non-existing memory at f00000a7 (DecompileCallback)
WARN  Decompiling 00407200, pcode error at 0040801c: Unable to resolve constructor at 0040801c (DecompileCallback)
WARN  Decompiling 00407212, pcode error at f00000a7: Could not follow disassembly flow into non-existing memory at f00000a7 (DecompileCallback)
WARN  Decompiling 00407212, pcode error at 0040801c: Unable to resolve constructor at 0040801c (DecompileCallback)
WARN  Decompiling 00407985, pcode error at f00000a7: Could not follow disassembly flow into non-existing memory at f00000a7 (DecompileCallback)
WARN  Decompiling 00407985, pcode error at 0040801c: Unable to resolve constructor at 0040801c (DecompileCallback)
WARN  Decompiling 004079b0, pcode error at f00000a7: Could not follow disassembly flow into non-existing memory at f00000a7 (DecompileCallback)
WARN  Decompiling 004079b0, pcode error at 0040801c: Unable to resolve constructor at 0040801c (DecompileCallback)
WARN  Decompiling 00407218, pcode error at f00000a7: Could not follow disassembly flow into non-existing memory at f00000a7 (DecompileCallback)
WARN  Decompiling 00407218, pcode error at 0040801c: Unable to resolve constructor at 0040801c (DecompileCallback)
WARN  Decompiling 004079ce, pcode error at f00000a7: Could not follow disassembly flow into non-existing memory at f00000a7 (DecompileCallback)
WARN  Decompiling 004079ce, pcode error at 0040801c: Unable to resolve constructor at 0040801c (DecompileCallback)
WARN  Decompiling 004079e0, pcode error at f00000a7: Could not follow disassembly flow into non-existing memory at f00000a7 (DecompileCallback)
WARN  Decompiling 004079e0, pcode error at 0040801c: Unable to resolve constructor at 0040801c (DecompileCallback)
WARN  Decompiling 00407a10, pcode error at f00000a7: Could not follow disassembly flow into non-existing memory at f00000a7 (DecompileCallback)
WARN  Decompiling 00407a10, pcode error at 0040801c: Unable to resolve constructor at 0040801c (DecompileCallback)
WARN  Decompiling 00407a20, pcode error at f00000a7: Could not follow disassembly flow into non-existing memory at f00000a7 (DecompileCallback)
WARN  Decompiling 00407a20, pcode error at 0040801c: Unable to resolve constructor at 0040801c (DecompileCallback)
WARN  Decompiling 00407a38, pcode error at f00000a7: Could not follow disassembly flow into non-existing memory at f00000a7 (DecompileCallback)
WARN  Decompiling 00407a38, pcode error at 0040801c: Unable to resolve constructor at 0040801c (DecompileCallback)
WARN  Decompiling 00407a50, pcode error at f00000a7: Could not follow disassembly flow into non-existing memory at f00000a7 (DecompileCallback)
WARN  Decompiling 00407a50, pcode error at 0040801c: Unable to resolve constructor at 0040801c (DecompileCallback)
WARN  Decompiling 00407a98, pcode error at f00000a7: Could not follow disassembly flow into non-existing memory at f00000a7 (DecompileCallback)
WARN  Decompiling 00407a98, pcode error at 0040801c: Unable to resolve constructor at 0040801c (DecompileCallback)
INFO  DisrobeMetrics.java> DisrobeMetrics wrote ${RUN_DIRECTORY}\metrics\aspack_accessenum_unpacked.json (GhidraScript)
INFO  ANALYZING changes made by post scripts: file:///${RUN_DIRECTORY}/export/aspack_accessenum-918f96f8f44440d18eec95712b9c0056/AccessEnum.packed.aspack.unpacked.exe (HeadlessAnalyzer)
INFO  REPORT: Post-analysis succeeded for file: file:///${RUN_DIRECTORY}/export/aspack_accessenum-918f96f8f44440d18eec95712b9c0056/AccessEnum.packed.aspack.unpacked.exe (HeadlessAnalyzer)
INFO  /AccessEnum.packed.aspack.unpacked.exe: file created (-) (LocalFileSystem)
INFO  REPORT: Save succeeded for: /AccessEnum.packed.aspack.unpacked.exe (aspack_accessenum_unpacked:/AccessEnum.packed.aspack.unpacked.exe) (HeadlessAnalyzer)
INFO  REPORT: Import succeeded (HeadlessAnalyzer)
WARNING: A terminally deprecated method in sun.misc.Unsafe has been called
WARNING: sun.misc.Unsafe::staticFieldOffset has been called by org.apache.felix.framework.util.SecureAction (file:/${GHIDRA_HOME}/Ghidra/Features/Base/lib/org.apache.felix.framework-7.0.5.jar)
WARNING: Please consider reporting this to the maintainers of class org.apache.felix.framework.util.SecureAction
WARNING: sun.misc.Unsafe::staticFieldOffset will be removed in a future release
