INFO  Using log config file: jar:file:/${GHIDRA_HOME}/Ghidra/Framework/Generic/lib/Generic.jar!/generic.log4j.xml (LoggingInitialization)
INFO  Using log file: ${APPDATA}\ghidra\ghidra_12.1.2_PUBLIC\application.log (LoggingInitialization)
INFO  Loading user preferences: ${APPDATA}\ghidra\ghidra_12.1.2_PUBLIC\preferences (Preferences)
INFO  Loading previous preferences: ${APPDATA}\ghidra\ghidra_12.1.3_PUBLIC\preferences (Preferences)
INFO  Searching for classes... (ClassSearcher)
INFO  Class search complete (569 ms) (ClassSearcher)
INFO  Initializing SSL Context (DefaultSSLContextInitializer)
INFO  Initializing Random Number Generator... (SecureRandomFactory)
INFO  Random Number Generator initialization complete: SHA1PRNG (SecureRandomFactory)
INFO  Trust manager disabled, cacerts have not been set (DefaultTrustManagerFactory)
INFO  Headless startup complete (1763 ms) (AnalyzeHeadless)
INFO  Class searcher loaded 59 extension points (20 false positives) (ClassSearcher)
INFO  HEADLESS Script Paths:
    ${GHIDRA_HOME}\Ghidra\Features\SwiftDemangler\ghidra_scripts
    ${GHIDRA_HOME}\Ghidra\Processors\PIC\ghidra_scripts
    ${GHIDRA_HOME}\Ghidra\Processors\JVM\ghidra_scripts
    ${GHIDRA_HOME}\Ghidra\Features\DecompilerDependent\ghidra_scripts
    ${GHIDRA_HOME}\Ghidra\Features\Decompiler\ghidra_scripts
    ${GHIDRA_HOME}\Ghidra\Processors\DATA\ghidra_scripts
    ${GHIDRA_HOME}\Ghidra\Processors\8051\ghidra_scripts
    ${GHIDRA_HOME}\Ghidra\Processors\Atmel\ghidra_scripts
    ${GHIDRA_HOME}\Ghidra\Features\PDB\ghidra_scripts
    ${GHIDRA_HOME}\Ghidra\Features\WildcardAssembler\ghidra_scripts
    ${GHIDRA_HOME}\Ghidra\Features\GnuDemangler\ghidra_scripts
    ${GHIDRA_HOME}\Ghidra\Features\PyGhidra\ghidra_scripts
    ${GHIDRA_HOME}\Ghidra\Debug\Debugger\ghidra_scripts
    ${GHIDRA_HOME}\Ghidra\Features\SystemEmulation\ghidra_scripts
    ${REPOSITORY_ROOT}\benches\ghidra-unpack
    ${GHIDRA_HOME}\Ghidra\Features\BSim\ghidra_scripts
    ${GHIDRA_HOME}\Ghidra\Features\MicrosoftCodeAnalyzer\ghidra_scripts
    ${GHIDRA_HOME}\Ghidra\Features\Base\ghidra_scripts
    ${GHIDRA_HOME}\Ghidra\Features\FunctionID\ghidra_scripts
    ${GHIDRA_HOME}\Ghidra\Debug\Debugger-rmi-trace\ghidra_scripts
    ${GHIDRA_HOME}\Ghidra\Features\FileFormats\ghidra_scripts
    ${GHIDRA_HOME}\Ghidra\Features\VersionTracking\ghidra_scripts
    ${GHIDRA_HOME}\Ghidra\Features\BytePatterns\ghidra_scripts (HeadlessAnalyzer)
INFO  HEADLESS: execution starts (HeadlessAnalyzer)
INFO  Creating temporary project: ${RUN_DIRECTORY}\projects\pecompact_clockres_unpacked-8704bd86c86b4eea93be62db9d6506d6\pecompact_clockres_unpacked (HeadlessAnalyzer)
INFO  Creating project: ${RUN_DIRECTORY}\projects\pecompact_clockres_unpacked-8704bd86c86b4eea93be62db9d6506d6\pecompact_clockres_unpacked (DefaultProject)
INFO  REPORT: Processing input files:  (HeadlessAnalyzer)
INFO       project: ${RUN_DIRECTORY}\projects\pecompact_clockres_unpacked-8704bd86c86b4eea93be62db9d6506d6\pecompact_clockres_unpacked (HeadlessAnalyzer)
INFO  IMPORTING: file:///${RUN_DIRECTORY}/export/pecompact_clockres-b2a67df165d642aa957b262c13a7315c/Clockres.packed.pecompact.unpacked.exe (HeadlessAnalyzer)
INFO  Using Loader: Portable Executable (PE) (ProgramLoader)
INFO  Using Language/Compiler: x86:LE:32:default:windows (ProgramLoader)
INFO  Using Library Search Path: [host-specific search path omitted from public export]
INFO  Additional info:
Loading file:///${RUN_DIRECTORY}/export/pecompact_clockres-b2a67df165d642aa957b262c13a7315c/Clockres.packed.pecompact.unpacked.exe?MD5=8549e4489637df08f70ebbdeae0d4cad...
[Clockres.packed.pecompact.unpacked.exe]: failed to create TerminatedCString at 004233a0: Conflicting data exists at address 00423530 to 00423533
------------------------------------------------

Searching 45 paths for library KERNEL32.DLL...
Loading file:///${SYSTEM_ROOT}/SysWOW64/kernel32.dll?MD5=2d8ecc5a2aade7639ca790ef2e8e6e36...
Using existing exports file: ${APPDATA}\ghidra\ghidra_12.1.2_PUBLIC\symbols\win32\kernel32.exports
Library not saved to project.
------------------------------------------------

Applying ${APPDATA}\ghidra\ghidra_12.1.2_PUBLIC\symbols\win32\kernel32.exports
Linking the External Programs of 'Clockres.packed.pecompact.unpacked.exe' to imported libraries...
  [KERNEL32.DLL] -> not found in project
------------------------------------------------

 (ProgramLoader)
INFO  IMPORTING: Loaded 0 additional files (HeadlessAnalyzer)
INFO  ANALYZING all memory and code: file:///${RUN_DIRECTORY}/export/pecompact_clockres-b2a67df165d642aa957b262c13a7315c/Clockres.packed.pecompact.unpacked.exe (HeadlessAnalyzer)
WARN  Ignoring leading '_' chars on no-return name '___raise_securityfailure' specified in file: ${GHIDRA_HOME}\Ghidra\Features\Base\data\PEFunctionsThatDoNotReturn (NoReturnFunctionAnalyzer)
WARN  Ignoring leading '_' chars on no-return name '___report_rangecheckfailure' specified in file: ${GHIDRA_HOME}\Ghidra\Features\Base\data\PEFunctionsThatDoNotReturn (NoReturnFunctionAnalyzer)
INFO  Skipping PDB processing: missing PDB information in program metadata (PdbUniversalAnalyzer)
INFO  Packed database cache: ${LOCALAPPDATA}\ghidra\packed-db-cache (PackedDatabaseCache)
WARN  Decompiling 00403730, pcode error at 90004039: Could not follow disassembly flow into non-existing memory at 90004039 (DecompileCallback)
WARN  Decompiling 0040bc45, pcode error at 00423637: Unable to resolve constructor at 00423637 (DecompileCallback)
WARN  Decompiling 0040bc45, pcode error at 0042366e: Unable to resolve constructor at 0042366e (DecompileCallback)
WARN  Decompiling 0040bc45, pcode error at 004236ad: Unable to resolve constructor at 004236ad (DecompileCallback)
WARN  Decompiling 0040bc45, pcode error at 004236bd: Unable to resolve constructor at 004236bd (DecompileCallback)
WARN  Decompiling 0040bc45, pcode error at 0042354e: Unable to resolve constructor at 0042354e (DecompileCallback)
WARN  Decompiling 0040bc45, pcode error at 0042354c: Unable to resolve constructor at 0042354c (DecompileCallback)
INFO  Applied data type archive: windows_vs12_32 (ApplyDataArchiveAnalyzer)
INFO  Applied data type archive: windows_vs12_32 (ApplyDataArchiveAnalyzer)
WARN  Decompiling 0040cb4e, pcode error at 00423637: Unable to resolve constructor at 00423637 (DecompileCallback)
WARN  Decompiling 0040cb4e, pcode error at 0042366e: Unable to resolve constructor at 0042366e (DecompileCallback)
WARN  Decompiling 0040cb4e, pcode error at 004236ad: Unable to resolve constructor at 004236ad (DecompileCallback)
WARN  Decompiling 0040cb4e, pcode error at 004236bd: Unable to resolve constructor at 004236bd (DecompileCallback)
WARN  Decompiling 0040cb4e, pcode error at 0042354e: Unable to resolve constructor at 0042354e (DecompileCallback)
WARN  Decompiling 0040cb4e, pcode error at 0042354c: Unable to resolve constructor at 0042354c (DecompileCallback)
WARN  Decompiling 0040d847, pcode error at 00423637: Unable to resolve constructor at 00423637 (DecompileCallback)
WARN  Decompiling 0040d847, pcode error at 0042366e: Unable to resolve constructor at 0042366e (DecompileCallback)
WARN  Decompiling 0040d847, pcode error at 004236ad: Unable to resolve constructor at 004236ad (DecompileCallback)
WARN  Decompiling 0040d847, pcode error at 004236bd: Unable to resolve constructor at 004236bd (DecompileCallback)
WARN  Decompiling 0040d847, pcode error at 0042354e: Unable to resolve constructor at 0042354e (DecompileCallback)
WARN  Decompiling 0040d847, pcode error at 0042354c: Unable to resolve constructor at 0042354c (DecompileCallback)
WARN  Decompiling 0040d442, pcode error at 00423637: Unable to resolve constructor at 00423637 (DecompileCallback)
WARN  Decompiling 0040d442, pcode error at 0042366e: Unable to resolve constructor at 0042366e (DecompileCallback)
WARN  Decompiling 0040d442, pcode error at 004236ad: Unable to resolve constructor at 004236ad (DecompileCallback)
WARN  Decompiling 0040d442, pcode error at 004236bd: Unable to resolve constructor at 004236bd (DecompileCallback)
WARN  Decompiling 0040d442, pcode error at 0042354e: Unable to resolve constructor at 0042354e (DecompileCallback)
WARN  Decompiling 0040d442, pcode error at 0042354c: Unable to resolve constructor at 0042354c (DecompileCallback)
WARN  Decompiling 0040e440, pcode error at 00423637: Unable to resolve constructor at 00423637 (DecompileCallback)
WARN  Decompiling 0040e440, pcode error at 0042366e: Unable to resolve constructor at 0042366e (DecompileCallback)
WARN  Decompiling 0040e440, pcode error at 004236ad: Unable to resolve constructor at 004236ad (DecompileCallback)
WARN  Decompiling 0040e440, pcode error at 004236bd: Unable to resolve constructor at 004236bd (DecompileCallback)
WARN  Decompiling 0040e440, pcode error at 0042354e: Unable to resolve constructor at 0042354e (DecompileCallback)
WARN  Decompiling 0040e440, pcode error at 0042354c: Unable to resolve constructor at 0042354c (DecompileCallback)
WARN  Decompiling 0040d80d, pcode error at 00423637: Unable to resolve constructor at 00423637 (DecompileCallback)
WARN  Decompiling 0040d80d, pcode error at 0042366e: Unable to resolve constructor at 0042366e (DecompileCallback)
WARN  Decompiling 0040d80d, pcode error at 004236ad: Unable to resolve constructor at 004236ad (DecompileCallback)
WARN  Decompiling 0040d80d, pcode error at 004236bd: Unable to resolve constructor at 004236bd (DecompileCallback)
WARN  Decompiling 0040d960, pcode error at 00423637: Unable to resolve constructor at 00423637 (DecompileCallback)
WARN  Decompiling 0040d960, pcode error at 0042366e: Unable to resolve constructor at 0042366e (DecompileCallback)
WARN  Decompiling 0040d80d, pcode error at 0042354e: Unable to resolve constructor at 0042354e (DecompileCallback)
WARN  Decompiling 0040d960, pcode error at 004236ad: Unable to resolve constructor at 004236ad (DecompileCallback)
WARN  Decompiling 0040d960, pcode error at 004236bd: Unable to resolve constructor at 004236bd (DecompileCallback)
WARN  Decompiling 0040d80d, pcode error at 0042354c: Unable to resolve constructor at 0042354c (DecompileCallback)
WARN  Decompiling 0040d960, pcode error at 0042354e: Unable to resolve constructor at 0042354e (DecompileCallback)
WARN  Decompiling 0040d960, pcode error at 0042354c: Unable to resolve constructor at 0042354c (DecompileCallback)
WARN  Decompiling 0040d769, pcode error at 00423637: Unable to resolve constructor at 00423637 (DecompileCallback)
WARN  Decompiling 0040d769, pcode error at 0042366e: Unable to resolve constructor at 0042366e (DecompileCallback)
WARN  Decompiling 0040d769, pcode error at 004236ad: Unable to resolve constructor at 004236ad (DecompileCallback)
WARN  Decompiling 0040d769, pcode error at 004236bd: Unable to resolve constructor at 004236bd (DecompileCallback)
WARN  Decompiling 0040d769, pcode error at 0042354e: Unable to resolve constructor at 0042354e (DecompileCallback)
WARN  Decompiling 0040d769, pcode error at 0042354c: Unable to resolve constructor at 0042354c (DecompileCallback)
WARN  Decompiling 0040d669, pcode error at 00423637: Unable to resolve constructor at 00423637 (DecompileCallback)
WARN  Decompiling 0040d669, pcode error at 0042366e: Unable to resolve constructor at 0042366e (DecompileCallback)
WARN  Decompiling 0040d669, pcode error at 004236ad: Unable to resolve constructor at 004236ad (DecompileCallback)
WARN  Decompiling 0040d669, pcode error at 004236bd: Unable to resolve constructor at 004236bd (DecompileCallback)
WARN  Decompiling 0040d669, pcode error at 0042354e: Unable to resolve constructor at 0042354e (DecompileCallback)
WARN  Decompiling 0040d669, pcode error at 0042354c: Unable to resolve constructor at 0042354c (DecompileCallback)
WARN  Decompiling 0040cf63, pcode error at 00423637: Unable to resolve constructor at 00423637 (DecompileCallback)
WARN  Decompiling 0040cf63, pcode error at 0042366e: Unable to resolve constructor at 0042366e (DecompileCallback)
WARN  Decompiling 0040cf63, pcode error at 004236ad: Unable to resolve constructor at 004236ad (DecompileCallback)
WARN  Decompiling 0040cf63, pcode error at 004236bd: Unable to resolve constructor at 004236bd (DecompileCallback)
WARN  Decompiling 0040cf63, pcode error at 0042354e: Unable to resolve constructor at 0042354e (DecompileCallback)
WARN  Decompiling 0040cf63, pcode error at 0042354c: Unable to resolve constructor at 0042354c (DecompileCallback)
WARN  Decompiling 0040ce67, pcode error at 00423637: Unable to resolve constructor at 00423637 (DecompileCallback)
WARN  Decompiling 0040ce67, pcode error at 0042366e: Unable to resolve constructor at 0042366e (DecompileCallback)
WARN  Decompiling 0040ce67, pcode error at 004236ad: Unable to resolve constructor at 004236ad (DecompileCallback)
WARN  Decompiling 0040ce67, pcode error at 004236bd: Unable to resolve constructor at 004236bd (DecompileCallback)
WARN  Decompiling 0040ce67, pcode error at 0042354e: Unable to resolve constructor at 0042354e (DecompileCallback)
WARN  Decompiling 0040ce67, pcode error at 0042354c: Unable to resolve constructor at 0042354c (DecompileCallback)
WARN  Decompiling 00403730, pcode error at 90004039: Could not follow disassembly flow into non-existing memory at 90004039 (DecompileCallback)
WARN  Decompiling 0040e60c, pcode error at 00423637: Unable to resolve constructor at 00423637 (DecompileCallback)
WARN  Decompiling 0040e60c, pcode error at 0042366e: Unable to resolve constructor at 0042366e (DecompileCallback)
WARN  Decompiling 0040e60c, pcode error at 004236ad: Unable to resolve constructor at 004236ad (DecompileCallback)
WARN  Decompiling 0040e60c, pcode error at 004236bd: Unable to resolve constructor at 004236bd (DecompileCallback)
WARN  Decompiling 0040e60c, pcode error at 0042354e: Unable to resolve constructor at 0042354e (DecompileCallback)
WARN  Decompiling 0040e60c, pcode error at 0042354c: Unable to resolve constructor at 0042354c (DecompileCallback)
WARN  Decompiling 0040d907, pcode error at 00423637: Unable to resolve constructor at 00423637 (DecompileCallback)
WARN  Decompiling 0040d907, pcode error at 0042366e: Unable to resolve constructor at 0042366e (DecompileCallback)
WARN  Decompiling 0040d907, pcode error at 004236ad: Unable to resolve constructor at 004236ad (DecompileCallback)
WARN  Decompiling 0040d907, pcode error at 004236bd: Unable to resolve constructor at 004236bd (DecompileCallback)
WARN  Decompiling 0040d907, pcode error at 0042354e: Unable to resolve constructor at 0042354e (DecompileCallback)
WARN  Decompiling 0040d907, pcode error at 0042354c: Unable to resolve constructor at 0042354c (DecompileCallback)
WARN  Decompiling 0040e905, pcode error at 00423637: Unable to resolve constructor at 00423637 (DecompileCallback)
WARN  Decompiling 0040e905, pcode error at 0042366e: Unable to resolve constructor at 0042366e (DecompileCallback)
WARN  Decompiling 0040e905, pcode error at 004236ad: Unable to resolve constructor at 004236ad (DecompileCallback)
WARN  Decompiling 0040e905, pcode error at 004236bd: Unable to resolve constructor at 004236bd (DecompileCallback)
WARN  Decompiling 0040e905, pcode error at 0042354e: Unable to resolve constructor at 0042354e (DecompileCallback)
WARN  Decompiling 0040e905, pcode error at 0042354c: Unable to resolve constructor at 0042354c (DecompileCallback)
WARN  Decompiling 0040e53f, pcode error at 00423637: Unable to resolve constructor at 00423637 (DecompileCallback)
WARN  Decompiling 0040e53f, pcode error at 0042366e: Unable to resolve constructor at 0042366e (DecompileCallback)
WARN  Decompiling 0040e53f, pcode error at 004236ad: Unable to resolve constructor at 004236ad (DecompileCallback)
WARN  Decompiling 0040e53f, pcode error at 004236bd: Unable to resolve constructor at 004236bd (DecompileCallback)
WARN  Decompiling 0040e53f, pcode error at 0042354e: Unable to resolve constructor at 0042354e (DecompileCallback)
WARN  Decompiling 0040e53f, pcode error at 0042354c: Unable to resolve constructor at 0042354c (DecompileCallback)
WARN  Decompiling 0040e23b, pcode error at 00423637: Unable to resolve constructor at 00423637 (DecompileCallback)
WARN  Decompiling 0040e23b, pcode error at 0042366e: Unable to resolve constructor at 0042366e (DecompileCallback)
WARN  Decompiling 0040e23b, pcode error at 004236ad: Unable to resolve constructor at 004236ad (DecompileCallback)
WARN  Decompiling 0040e23b, pcode error at 004236bd: Unable to resolve constructor at 004236bd (DecompileCallback)
WARN  Decompiling 0040e23b, pcode error at 0042354e: Unable to resolve constructor at 0042354e (DecompileCallback)
WARN  Decompiling 0040e23b, pcode error at 0042354c: Unable to resolve constructor at 0042354c (DecompileCallback)
WARN  Decompiling 0040e520, pcode error at 00423637: Unable to resolve constructor at 00423637 (DecompileCallback)
WARN  Decompiling 0040e520, pcode error at 0042366e: Unable to resolve constructor at 0042366e (DecompileCallback)
WARN  Decompiling 0040e520, pcode error at 004236ad: Unable to resolve constructor at 004236ad (DecompileCallback)
WARN  Decompiling 0040e520, pcode error at 004236bd: Unable to resolve constructor at 004236bd (DecompileCallback)
WARN  Decompiling 0040e520, pcode error at 0042354e: Unable to resolve constructor at 0042354e (DecompileCallback)
WARN  Decompiling 0040e520, pcode error at 0042354c: Unable to resolve constructor at 0042354c (DecompileCallback)
WARN  Decompiling 0040e2c9, pcode error at 00423637: Unable to resolve constructor at 00423637 (DecompileCallback)
WARN  Decompiling 0040e2c9, pcode error at 0042366e: Unable to resolve constructor at 0042366e (DecompileCallback)
WARN  Decompiling 0040e2c9, pcode error at 004236ad: Unable to resolve constructor at 004236ad (DecompileCallback)
WARN  Decompiling 0040e2c9, pcode error at 004236bd: Unable to resolve constructor at 004236bd (DecompileCallback)
WARN  Decompiling 0040e2c9, pcode error at 0042354e: Unable to resolve constructor at 0042354e (DecompileCallback)
WARN  Decompiling 0040e2c9, pcode error at 0042354c: Unable to resolve constructor at 0042354c (DecompileCallback)
WARN  Decompiling 0040d8dc, pcode error at 00423637: Unable to resolve constructor at 00423637 (DecompileCallback)
WARN  Decompiling 0040d8dc, pcode error at 0042366e: Unable to resolve constructor at 0042366e (DecompileCallback)
WARN  Decompiling 0040d8dc, pcode error at 004236ad: Unable to resolve constructor at 004236ad (DecompileCallback)
WARN  Decompiling 0040d8dc, pcode error at 004236bd: Unable to resolve constructor at 004236bd (DecompileCallback)
WARN  Decompiling 0040d8dc, pcode error at 0042354e: Unable to resolve constructor at 0042354e (DecompileCallback)
WARN  Decompiling 0040d8dc, pcode error at 0042354c: Unable to resolve constructor at 0042354c (DecompileCallback)
WARN  Decompiling 0040d723, pcode error at 00423637: Unable to resolve constructor at 00423637 (DecompileCallback)
WARN  Decompiling 0040d723, pcode error at 0042366e: Unable to resolve constructor at 0042366e (DecompileCallback)
WARN  Decompiling 0040d723, pcode error at 004236ad: Unable to resolve constructor at 004236ad (DecompileCallback)
WARN  Decompiling 0040d723, pcode error at 004236bd: Unable to resolve constructor at 004236bd (DecompileCallback)
WARN  Decompiling 0040d723, pcode error at 0042354e: Unable to resolve constructor at 0042354e (DecompileCallback)
WARN  Decompiling 0040d723, pcode error at 0042354c: Unable to resolve constructor at 0042354c (DecompileCallback)
WARN  Decompiling 0040cfca, pcode error at 00423637: Unable to resolve constructor at 00423637 (DecompileCallback)
WARN  Decompiling 0040cfca, pcode error at 0042366e: Unable to resolve constructor at 0042366e (DecompileCallback)
WARN  Decompiling 0040cfca, pcode error at 004236ad: Unable to resolve constructor at 004236ad (DecompileCallback)
WARN  Decompiling 0040cfca, pcode error at 004236bd: Unable to resolve constructor at 004236bd (DecompileCallback)
WARN  Decompiling 0040cfca, pcode error at 0042354e: Unable to resolve constructor at 0042354e (DecompileCallback)
WARN  Decompiling 0040cfca, pcode error at 0042354c: Unable to resolve constructor at 0042354c (DecompileCallback)
WARN  Decompiling 004235ed, pcode error at 00423637: Unable to resolve constructor at 00423637 (DecompileCallback)
WARN  Decompiling 004235ed, pcode error at 0042366e: Unable to resolve constructor at 0042366e (DecompileCallback)
WARN  Decompiling 004235ed, pcode error at 004236ad: Unable to resolve constructor at 004236ad (DecompileCallback)
WARN  Decompiling 004235ed, pcode error at 004236bd: Unable to resolve constructor at 004236bd (DecompileCallback)
WARN  Decompiling 0040e7c8, pcode error at 00423637: Unable to resolve constructor at 00423637 (DecompileCallback)
WARN  Decompiling 0040e7c8, pcode error at 0042366e: Unable to resolve constructor at 0042366e (DecompileCallback)
WARN  Decompiling 0040e7c8, pcode error at 004236ad: Unable to resolve constructor at 004236ad (DecompileCallback)
WARN  Decompiling 0040e7c8, pcode error at 004236bd: Unable to resolve constructor at 004236bd (DecompileCallback)
WARN  Decompiling 0040e7c8, pcode error at 0042354e: Unable to resolve constructor at 0042354e (DecompileCallback)
WARN  Decompiling 0040e7c8, pcode error at 0042354c: Unable to resolve constructor at 0042354c (DecompileCallback)
WARN  Decompiling 0040d5c5, pcode error at 00423637: Unable to resolve constructor at 00423637 (DecompileCallback)
WARN  Decompiling 0040d5c5, pcode error at 0042366e: Unable to resolve constructor at 0042366e (DecompileCallback)
WARN  Decompiling 0040d5c5, pcode error at 004236ad: Unable to resolve constructor at 004236ad (DecompileCallback)
WARN  Decompiling 0040d5c5, pcode error at 004236bd: Unable to resolve constructor at 004236bd (DecompileCallback)
WARN  Decompiling 0040d5c5, pcode error at 0042354e: Unable to resolve constructor at 0042354e (DecompileCallback)
WARN  Decompiling 0040d5c5, pcode error at 0042354c: Unable to resolve constructor at 0042354c (DecompileCallback)
WARN  Decompiling 0040e5f6, pcode error at 00423637: Unable to resolve constructor at 00423637 (DecompileCallback)
WARN  Decompiling 0040e5f6, pcode error at 0042366e: Unable to resolve constructor at 0042366e (DecompileCallback)
WARN  Decompiling 0040e5f6, pcode error at 004236ad: Unable to resolve constructor at 004236ad (DecompileCallback)
WARN  Decompiling 0040e5f6, pcode error at 004236bd: Unable to resolve constructor at 004236bd (DecompileCallback)
WARN  Decompiling 0040e5f6, pcode error at 0042354e: Unable to resolve constructor at 0042354e (DecompileCallback)
WARN  Decompiling 0040e5f6, pcode error at 0042354c: Unable to resolve constructor at 0042354c (DecompileCallback)
WARN  Decompiling 0040e0e7, pcode error at 00423637: Unable to resolve constructor at 00423637 (DecompileCallback)
WARN  Decompiling 0040e0e7, pcode error at 0042366e: Unable to resolve constructor at 0042366e (DecompileCallback)
WARN  Decompiling 0040e0e7, pcode error at 004236ad: Unable to resolve constructor at 004236ad (DecompileCallback)
WARN  Decompiling 0040e0e7, pcode error at 004236bd: Unable to resolve constructor at 004236bd (DecompileCallback)
WARN  Decompiling 0040e0e7, pcode error at 0042354e: Unable to resolve constructor at 0042354e (DecompileCallback)
WARN  Decompiling 0040e0e7, pcode error at 0042354c: Unable to resolve constructor at 0042354c (DecompileCallback)
WARN  Decompiling 00410e86, pcode error at 00423637: Unable to resolve constructor at 00423637 (DecompileCallback)
WARN  Decompiling 00410e86, pcode error at 0042366e: Unable to resolve constructor at 0042366e (DecompileCallback)
WARN  Decompiling 00410e86, pcode error at 004236ad: Unable to resolve constructor at 004236ad (DecompileCallback)
WARN  Decompiling 00410e86, pcode error at 004236bd: Unable to resolve constructor at 004236bd (DecompileCallback)
WARN  Decompiling 00410e86, pcode error at 0042354e: Unable to resolve constructor at 0042354e (DecompileCallback)
WARN  Decompiling 00410e86, pcode error at 0042354c: Unable to resolve constructor at 0042354c (DecompileCallback)
WARN  Decompiling 00410e80, pcode error at 00423637: Unable to resolve constructor at 00423637 (DecompileCallback)
WARN  Decompiling 00410e80, pcode error at 0042366e: Unable to resolve constructor at 0042366e (DecompileCallback)
WARN  Decompiling 00410e80, pcode error at 004236ad: Unable to resolve constructor at 004236ad (DecompileCallback)
WARN  Decompiling 00410e80, pcode error at 004236bd: Unable to resolve constructor at 004236bd (DecompileCallback)
WARN  Decompiling 00410e80, pcode error at 0042354e: Unable to resolve constructor at 0042354e (DecompileCallback)
WARN  Decompiling 00410e80, pcode error at 0042354c: Unable to resolve constructor at 0042354c (DecompileCallback)
WARN  Decompiling 0040cae2, pcode error at 00423637: Unable to resolve constructor at 00423637 (DecompileCallback)
WARN  Decompiling 0040cae2, pcode error at 0042366e: Unable to resolve constructor at 0042366e (DecompileCallback)
WARN  Decompiling 0040cae2, pcode error at 004236ad: Unable to resolve constructor at 004236ad (DecompileCallback)
WARN  Decompiling 0040cae2, pcode error at 004236bd: Unable to resolve constructor at 004236bd (DecompileCallback)
WARN  Decompiling 0040cae2, pcode error at 0042354e: Unable to resolve constructor at 0042354e (DecompileCallback)
WARN  Decompiling 0040cae2, pcode error at 0042354c: Unable to resolve constructor at 0042354c (DecompileCallback)
WARN  Decompiling 0040d482, pcode error at 00423637: Unable to resolve constructor at 00423637 (DecompileCallback)
WARN  Decompiling 0040d482, pcode error at 0042366e: Unable to resolve constructor at 0042366e (DecompileCallback)
WARN  Decompiling 0040d482, pcode error at 004236ad: Unable to resolve constructor at 004236ad (DecompileCallback)
WARN  Decompiling 0040d482, pcode error at 004236bd: Unable to resolve constructor at 004236bd (DecompileCallback)
WARN  Decompiling 0040d482, pcode error at 0042354e: Unable to resolve constructor at 0042354e (DecompileCallback)
WARN  Decompiling 0040d482, pcode error at 0042354c: Unable to resolve constructor at 0042354c (DecompileCallback)
WARN  Decompiling 0040c8e3, pcode error at 00423637: Unable to resolve constructor at 00423637 (DecompileCallback)
WARN  Decompiling 0040c8e3, pcode error at 0042366e: Unable to resolve constructor at 0042366e (DecompileCallback)
WARN  Decompiling 0040c8e3, pcode error at 004236ad: Unable to resolve constructor at 004236ad (DecompileCallback)
WARN  Decompiling 0040c8e3, pcode error at 004236bd: Unable to resolve constructor at 004236bd (DecompileCallback)
WARN  Decompiling 0040c8e3, pcode error at 0042354e: Unable to resolve constructor at 0042354e (DecompileCallback)
WARN  Decompiling 0040c8e3, pcode error at 0042354c: Unable to resolve constructor at 0042354c (DecompileCallback)
WARN  Decompiling 0040cc81, pcode error at 00423637: Unable to resolve constructor at 00423637 (DecompileCallback)
WARN  Decompiling 0040cc81, pcode error at 0042366e: Unable to resolve constructor at 0042366e (DecompileCallback)
WARN  Decompiling 0040cc81, pcode error at 004236ad: Unable to resolve constructor at 004236ad (DecompileCallback)
WARN  Decompiling 0040cc81, pcode error at 004236bd: Unable to resolve constructor at 004236bd (DecompileCallback)
WARN  Decompiling 0040cc81, pcode error at 0042354e: Unable to resolve constructor at 0042354e (DecompileCallback)
WARN  Decompiling 0040cc81, pcode error at 0042354c: Unable to resolve constructor at 0042354c (DecompileCallback)
WARN  Decompiling 0040e781, pcode error at 00423637: Unable to resolve constructor at 00423637 (DecompileCallback)
WARN  Decompiling 0040e781, pcode error at 0042366e: Unable to resolve constructor at 0042366e (DecompileCallback)
WARN  Decompiling 0040e781, pcode error at 004236ad: Unable to resolve constructor at 004236ad (DecompileCallback)
WARN  Decompiling 0040e781, pcode error at 004236bd: Unable to resolve constructor at 004236bd (DecompileCallback)
WARN  Decompiling 0040e781, pcode error at 0042354e: Unable to resolve constructor at 0042354e (DecompileCallback)
WARN  Decompiling 0040e781, pcode error at 0042354c: Unable to resolve constructor at 0042354c (DecompileCallback)
WARN  Decompiling 0040c881, pcode error at 00423637: Unable to resolve constructor at 00423637 (DecompileCallback)
WARN  Decompiling 0040c881, pcode error at 0042366e: Unable to resolve constructor at 0042366e (DecompileCallback)
WARN  Decompiling 0040c881, pcode error at 004236ad: Unable to resolve constructor at 004236ad (DecompileCallback)
WARN  Decompiling 0040c881, pcode error at 004236bd: Unable to resolve constructor at 004236bd (DecompileCallback)
WARN  Decompiling 0040c881, pcode error at 0042354e: Unable to resolve constructor at 0042354e (DecompileCallback)
WARN  Decompiling 0040c881, pcode error at 0042354c: Unable to resolve constructor at 0042354c (DecompileCallback)
WARN  Decompiling 0040d7bf, pcode error at 00423637: Unable to resolve constructor at 00423637 (DecompileCallback)
WARN  Decompiling 0040d7bf, pcode error at 0042366e: Unable to resolve constructor at 0042366e (DecompileCallback)
WARN  Decompiling 0040d7bf, pcode error at 004236ad: Unable to resolve constructor at 004236ad (DecompileCallback)
WARN  Decompiling 0040d7bf, pcode error at 004236bd: Unable to resolve constructor at 004236bd (DecompileCallback)
WARN  Decompiling 0040d7bf, pcode error at 0042354e: Unable to resolve constructor at 0042354e (DecompileCallback)
WARN  Decompiling 0040d7bf, pcode error at 0042354c: Unable to resolve constructor at 0042354c (DecompileCallback)
WARN  Decompiling 0040c8b7, pcode error at 00423637: Unable to resolve constructor at 00423637 (DecompileCallback)
WARN  Decompiling 0040c8b7, pcode error at 0042366e: Unable to resolve constructor at 0042366e (DecompileCallback)
WARN  Decompiling 0040c8b7, pcode error at 004236ad: Unable to resolve constructor at 004236ad (DecompileCallback)
WARN  Decompiling 0040c8b7, pcode error at 004236bd: Unable to resolve constructor at 004236bd (DecompileCallback)
WARN  Decompiling 0040c8b7, pcode error at 0042354e: Unable to resolve constructor at 0042354e (DecompileCallback)
WARN  Decompiling 0040c8b7, pcode error at 0042354c: Unable to resolve constructor at 0042354c (DecompileCallback)
WARN  Decompiling 0040e3a9, pcode error at 00423637: Unable to resolve constructor at 00423637 (DecompileCallback)
WARN  Decompiling 0040e3a9, pcode error at 0042366e: Unable to resolve constructor at 0042366e (DecompileCallback)
WARN  Decompiling 0040e3a9, pcode error at 004236ad: Unable to resolve constructor at 004236ad (DecompileCallback)
WARN  Decompiling 0040e3a9, pcode error at 004236bd: Unable to resolve constructor at 004236bd (DecompileCallback)
WARN  Decompiling 0040e3a9, pcode error at 0042354e: Unable to resolve constructor at 0042354e (DecompileCallback)
WARN  Decompiling 0040e3a9, pcode error at 0042354c: Unable to resolve constructor at 0042354c (DecompileCallback)
WARN  Decompiling 0040dfb0, pcode error at 00423637: Unable to resolve constructor at 00423637 (DecompileCallback)
WARN  Decompiling 0040dfb0, pcode error at 0042366e: Unable to resolve constructor at 0042366e (DecompileCallback)
WARN  Decompiling 0040dfb0, pcode error at 004236ad: Unable to resolve constructor at 004236ad (DecompileCallback)
WARN  Decompiling 0040dfb0, pcode error at 004236bd: Unable to resolve constructor at 004236bd (DecompileCallback)
WARN  Decompiling 0040dfb0, pcode error at 0042354e: Unable to resolve constructor at 0042354e (DecompileCallback)
WARN  Decompiling 0040dfb0, pcode error at 0042354c: Unable to resolve constructor at 0042354c (DecompileCallback)
WARN  Decompiling 0040cbaa, pcode error at 00423637: Unable to resolve constructor at 00423637 (DecompileCallback)
WARN  Decompiling 0040cbaa, pcode error at 0042366e: Unable to resolve constructor at 0042366e (DecompileCallback)
WARN  Decompiling 0040cbaa, pcode error at 004236ad: Unable to resolve constructor at 004236ad (DecompileCallback)
WARN  Decompiling 0040cbaa, pcode error at 004236bd: Unable to resolve constructor at 004236bd (DecompileCallback)
WARN  Decompiling 0040cbaa, pcode error at 0042354e: Unable to resolve constructor at 0042354e (DecompileCallback)
WARN  Decompiling 0040cbaa, pcode error at 0042354c: Unable to resolve constructor at 0042354c (DecompileCallback)
WARN  Decompiling 0040bc45, pcode error at 00423637: Unable to resolve constructor at 00423637 (DecompileCallback)
WARN  Decompiling 0040bc45, pcode error at 0042366e: Unable to resolve constructor at 0042366e (DecompileCallback)
WARN  Decompiling 0040bc45, pcode error at 004236ad: Unable to resolve constructor at 004236ad (DecompileCallback)
WARN  Decompiling 0040bc45, pcode error at 004236bd: Unable to resolve constructor at 004236bd (DecompileCallback)
WARN  Decompiling 0040bc45, pcode error at 0042354e: Unable to resolve constructor at 0042354e (DecompileCallback)
WARN  Decompiling 0040bc45, pcode error at 0042354c: Unable to resolve constructor at 0042354c (DecompileCallback)
INFO  -----------------------------------------------------
    ASCII Strings                              0.205 secs
    Apply Data Archives                        0.071 secs
    Call Convention ID                         0.004 secs
    Call-Fixup Installer                       0.004 secs
    Create Address Tables                      0.026 secs
    Create Function                            0.044 secs
    Data Reference                             0.012 secs
    Decompiler Parameter ID                  304.014 secs
    Decompiler Switch Analysis                64.001 secs
    Demangler Microsoft                        0.004 secs
    Disassemble                                0.035 secs
    Disassemble Entry Points                   0.213 secs
    Embedded Media                             0.003 secs
    External Entry References                  0.000 secs
    Function ID                                0.245 secs
    Function Start Pre Search                  0.008 secs
    Function Start Search                      0.016 secs
    Function Start Search After Code           0.005 secs
    Function Start Search After Data           0.007 secs
    Function Start Search delayed - One Time   0.000 secs
    Non-Returning Functions - Discovered       0.044 secs
    Non-Returning Functions - Known            0.002 secs
    PDB Universal                              0.001 secs
    Reference                                  0.016 secs
    Scalar Operand References                  0.076 secs
    Shared Return Calls                        0.031 secs
    Stack                                      0.434 secs
    Subroutine References                      0.018 secs
    Windows x86 PE Exception Handling          0.809 secs
    Windows x86 PE RTTI Analyzer               0.000 secs
    Windows x86 Thread Environment Block (TEB) Analyzer     0.009 secs
    WindowsResourceReference                   0.329 secs
    X86 Function Callee Purge                  0.018 secs
    x86 Constant Reference Analyzer            0.422 secs
-----------------------------------------------------
     Total Time   371 secs
-----------------------------------------------------
 (AutoAnalysisManager)
INFO  REPORT: Analysis succeeded for file: file:///${RUN_DIRECTORY}/export/pecompact_clockres-b2a67df165d642aa957b262c13a7315c/Clockres.packed.pecompact.unpacked.exe (HeadlessAnalyzer)
INFO  REPORT: Execute script: DisrobeMetrics.java '${RUN_DIRECTORY}\metrics\pecompact_clockres_unpacked.json'  (HeadlessAnalyzer)
INFO  SCRIPT: ${REPOSITORY_ROOT}\benches\ghidra-unpack\DisrobeMetrics.java (HeadlessAnalyzer)
WARN  Decompiling 00403730, pcode error at 90004039: Could not follow disassembly flow into non-existing memory at 90004039 (DecompileCallback)
WARN  Decompiling 0040c8b7, pcode error at 00423637: Unable to resolve constructor at 00423637 (DecompileCallback)
WARN  Decompiling 0040c8b7, pcode error at 0042366e: Unable to resolve constructor at 0042366e (DecompileCallback)
WARN  Decompiling 0040c8b7, pcode error at 004236ad: Unable to resolve constructor at 004236ad (DecompileCallback)
WARN  Decompiling 0040c8b7, pcode error at 004236bd: Unable to resolve constructor at 004236bd (DecompileCallback)
WARN  Decompiling 0040c8b7, pcode error at 0042354e: Unable to resolve constructor at 0042354e (DecompileCallback)
WARN  Decompiling 0040c8b7, pcode error at 0042354c: Unable to resolve constructor at 0042354c (DecompileCallback)
WARN  Decompiling 0040c8e3, pcode error at 00423637: Unable to resolve constructor at 00423637 (DecompileCallback)
WARN  Decompiling 0040c8e3, pcode error at 0042366e: Unable to resolve constructor at 0042366e (DecompileCallback)
WARN  Decompiling 0040c8e3, pcode error at 004236ad: Unable to resolve constructor at 004236ad (DecompileCallback)
WARN  Decompiling 0040c8e3, pcode error at 004236bd: Unable to resolve constructor at 004236bd (DecompileCallback)
WARN  Decompiling 0040c8e3, pcode error at 0042354e: Unable to resolve constructor at 0042354e (DecompileCallback)
WARN  Decompiling 0040c8e3, pcode error at 0042354c: Unable to resolve constructor at 0042354c (DecompileCallback)
WARN  Decompiling 0040c881, pcode error at 00423637: Unable to resolve constructor at 00423637 (DecompileCallback)
WARN  Decompiling 0040c881, pcode error at 0042366e: Unable to resolve constructor at 0042366e (DecompileCallback)
WARN  Decompiling 0040c881, pcode error at 004236ad: Unable to resolve constructor at 004236ad (DecompileCallback)
WARN  Decompiling 0040c881, pcode error at 004236bd: Unable to resolve constructor at 004236bd (DecompileCallback)
WARN  Decompiling 0040c881, pcode error at 0042354e: Unable to resolve constructor at 0042354e (DecompileCallback)
WARN  Decompiling 0040c881, pcode error at 0042354c: Unable to resolve constructor at 0042354c (DecompileCallback)
WARN  Decompiling 0040bc45, pcode error at 00423637: Unable to resolve constructor at 00423637 (DecompileCallback)
WARN  Decompiling 0040bc45, pcode error at 0042366e: Unable to resolve constructor at 0042366e (DecompileCallback)
WARN  Decompiling 0040bc45, pcode error at 004236ad: Unable to resolve constructor at 004236ad (DecompileCallback)
WARN  Decompiling 0040bc45, pcode error at 004236bd: Unable to resolve constructor at 004236bd (DecompileCallback)
WARN  Decompiling 0040bc45, pcode error at 0042354e: Unable to resolve constructor at 0042354e (DecompileCallback)
WARN  Decompiling 0040bc45, pcode error at 0042354c: Unable to resolve constructor at 0042354c (DecompileCallback)
WARN  Decompiling 0040cbaa, pcode error at 00423637: Unable to resolve constructor at 00423637 (DecompileCallback)
WARN  Decompiling 0040cbaa, pcode error at 0042366e: Unable to resolve constructor at 0042366e (DecompileCallback)
WARN  Decompiling 0040cbaa, pcode error at 004236ad: Unable to resolve constructor at 004236ad (DecompileCallback)
WARN  Decompiling 0040cbaa, pcode error at 004236bd: Unable to resolve constructor at 004236bd (DecompileCallback)
WARN  Decompiling 0040cbaa, pcode error at 0042354e: Unable to resolve constructor at 0042354e (DecompileCallback)
WARN  Decompiling 0040cbaa, pcode error at 0042354c: Unable to resolve constructor at 0042354c (DecompileCallback)
WARN  Decompiling 0040cae2, pcode error at 00423637: Unable to resolve constructor at 00423637 (DecompileCallback)
WARN  Decompiling 0040cae2, pcode error at 0042366e: Unable to resolve constructor at 0042366e (DecompileCallback)
WARN  Decompiling 0040cae2, pcode error at 004236ad: Unable to resolve constructor at 004236ad (DecompileCallback)
WARN  Decompiling 0040cae2, pcode error at 004236bd: Unable to resolve constructor at 004236bd (DecompileCallback)
WARN  Decompiling 0040cb4e, pcode error at 00423637: Unable to resolve constructor at 00423637 (DecompileCallback)
WARN  Decompiling 0040cb4e, pcode error at 0042366e: Unable to resolve constructor at 0042366e (DecompileCallback)
WARN  Decompiling 0040cae2, pcode error at 0042354e: Unable to resolve constructor at 0042354e (DecompileCallback)
WARN  Decompiling 0040cb4e, pcode error at 004236ad: Unable to resolve constructor at 004236ad (DecompileCallback)
WARN  Decompiling 0040cae2, pcode error at 0042354c: Unable to resolve constructor at 0042354c (DecompileCallback)
WARN  Decompiling 0040cb4e, pcode error at 004236bd: Unable to resolve constructor at 004236bd (DecompileCallback)
WARN  Decompiling 0040cb4e, pcode error at 0042354e: Unable to resolve constructor at 0042354e (DecompileCallback)
WARN  Decompiling 0040cb4e, pcode error at 0042354c: Unable to resolve constructor at 0042354c (DecompileCallback)
WARN  Decompiling 0040cc81, pcode error at 00423637: Unable to resolve constructor at 00423637 (DecompileCallback)
WARN  Decompiling 0040cc81, pcode error at 0042366e: Unable to resolve constructor at 0042366e (DecompileCallback)
WARN  Decompiling 0040cc81, pcode error at 004236ad: Unable to resolve constructor at 004236ad (DecompileCallback)
WARN  Decompiling 0040cc81, pcode error at 004236bd: Unable to resolve constructor at 004236bd (DecompileCallback)
WARN  Decompiling 0040cc81, pcode error at 0042354e: Unable to resolve constructor at 0042354e (DecompileCallback)
WARN  Decompiling 0040cc81, pcode error at 0042354c: Unable to resolve constructor at 0042354c (DecompileCallback)
WARN  Decompiling 0040ce67, pcode error at 00423637: Unable to resolve constructor at 00423637 (DecompileCallback)
WARN  Decompiling 0040ce67, pcode error at 0042366e: Unable to resolve constructor at 0042366e (DecompileCallback)
WARN  Decompiling 0040ce67, pcode error at 004236ad: Unable to resolve constructor at 004236ad (DecompileCallback)
WARN  Decompiling 0040ce67, pcode error at 004236bd: Unable to resolve constructor at 004236bd (DecompileCallback)
WARN  Decompiling 0040ce67, pcode error at 0042354e: Unable to resolve constructor at 0042354e (DecompileCallback)
WARN  Decompiling 0040ce67, pcode error at 0042354c: Unable to resolve constructor at 0042354c (DecompileCallback)
WARN  Decompiling 0040cfca, pcode error at 00423637: Unable to resolve constructor at 00423637 (DecompileCallback)
WARN  Decompiling 0040cfca, pcode error at 0042366e: Unable to resolve constructor at 0042366e (DecompileCallback)
WARN  Decompiling 0040cfca, pcode error at 004236ad: Unable to resolve constructor at 004236ad (DecompileCallback)
WARN  Decompiling 0040cfca, pcode error at 004236bd: Unable to resolve constructor at 004236bd (DecompileCallback)
WARN  Decompiling 0040cfca, pcode error at 0042354e: Unable to resolve constructor at 0042354e (DecompileCallback)
WARN  Decompiling 0040cfca, pcode error at 0042354c: Unable to resolve constructor at 0042354c (DecompileCallback)
WARN  Decompiling 0040d442, pcode error at 00423637: Unable to resolve constructor at 00423637 (DecompileCallback)
WARN  Decompiling 0040d442, pcode error at 0042366e: Unable to resolve constructor at 0042366e (DecompileCallback)
WARN  Decompiling 0040d442, pcode error at 004236ad: Unable to resolve constructor at 004236ad (DecompileCallback)
WARN  Decompiling 0040d442, pcode error at 004236bd: Unable to resolve constructor at 004236bd (DecompileCallback)
WARN  Decompiling 0040d442, pcode error at 0042354e: Unable to resolve constructor at 0042354e (DecompileCallback)
WARN  Decompiling 0040d442, pcode error at 0042354c: Unable to resolve constructor at 0042354c (DecompileCallback)
WARN  Decompiling 0040cf63, pcode error at 00423637: Unable to resolve constructor at 00423637 (DecompileCallback)
WARN  Decompiling 0040cf63, pcode error at 0042366e: Unable to resolve constructor at 0042366e (DecompileCallback)
WARN  Decompiling 0040cf63, pcode error at 004236ad: Unable to resolve constructor at 004236ad (DecompileCallback)
WARN  Decompiling 0040cf63, pcode error at 004236bd: Unable to resolve constructor at 004236bd (DecompileCallback)
WARN  Decompiling 0040cf63, pcode error at 0042354e: Unable to resolve constructor at 0042354e (DecompileCallback)
WARN  Decompiling 0040cf63, pcode error at 0042354c: Unable to resolve constructor at 0042354c (DecompileCallback)
WARN  Decompiling 0040d5c5, pcode error at 00423637: Unable to resolve constructor at 00423637 (DecompileCallback)
WARN  Decompiling 0040d5c5, pcode error at 0042366e: Unable to resolve constructor at 0042366e (DecompileCallback)
WARN  Decompiling 0040d5c5, pcode error at 004236ad: Unable to resolve constructor at 004236ad (DecompileCallback)
WARN  Decompiling 0040d5c5, pcode error at 004236bd: Unable to resolve constructor at 004236bd (DecompileCallback)
WARN  Decompiling 0040d5c5, pcode error at 0042354e: Unable to resolve constructor at 0042354e (DecompileCallback)
WARN  Decompiling 0040d5c5, pcode error at 0042354c: Unable to resolve constructor at 0042354c (DecompileCallback)
WARN  Decompiling 0040d669, pcode error at 00423637: Unable to resolve constructor at 00423637 (DecompileCallback)
WARN  Decompiling 0040d669, pcode error at 0042366e: Unable to resolve constructor at 0042366e (DecompileCallback)
WARN  Decompiling 0040d669, pcode error at 004236ad: Unable to resolve constructor at 004236ad (DecompileCallback)
WARN  Decompiling 0040d669, pcode error at 004236bd: Unable to resolve constructor at 004236bd (DecompileCallback)
WARN  Decompiling 0040d669, pcode error at 0042354e: Unable to resolve constructor at 0042354e (DecompileCallback)
WARN  Decompiling 0040d669, pcode error at 0042354c: Unable to resolve constructor at 0042354c (DecompileCallback)
WARN  Decompiling 0040d482, pcode error at 00423637: Unable to resolve constructor at 00423637 (DecompileCallback)
WARN  Decompiling 0040d482, pcode error at 0042366e: Unable to resolve constructor at 0042366e (DecompileCallback)
WARN  Decompiling 0040d482, pcode error at 004236ad: Unable to resolve constructor at 004236ad (DecompileCallback)
WARN  Decompiling 0040d482, pcode error at 004236bd: Unable to resolve constructor at 004236bd (DecompileCallback)
WARN  Decompiling 0040d482, pcode error at 0042354e: Unable to resolve constructor at 0042354e (DecompileCallback)
WARN  Decompiling 0040d482, pcode error at 0042354c: Unable to resolve constructor at 0042354c (DecompileCallback)
WARN  Decompiling 0040d723, pcode error at 00423637: Unable to resolve constructor at 00423637 (DecompileCallback)
WARN  Decompiling 0040d723, pcode error at 0042366e: Unable to resolve constructor at 0042366e (DecompileCallback)
WARN  Decompiling 0040d723, pcode error at 004236ad: Unable to resolve constructor at 004236ad (DecompileCallback)
WARN  Decompiling 0040d723, pcode error at 004236bd: Unable to resolve constructor at 004236bd (DecompileCallback)
WARN  Decompiling 0040d723, pcode error at 0042354e: Unable to resolve constructor at 0042354e (DecompileCallback)
WARN  Decompiling 0040d723, pcode error at 0042354c: Unable to resolve constructor at 0042354c (DecompileCallback)
WARN  Decompiling 0040d7bf, pcode error at 00423637: Unable to resolve constructor at 00423637 (DecompileCallback)
WARN  Decompiling 0040d7bf, pcode error at 0042366e: Unable to resolve constructor at 0042366e (DecompileCallback)
WARN  Decompiling 0040d7bf, pcode error at 004236ad: Unable to resolve constructor at 004236ad (DecompileCallback)
WARN  Decompiling 0040d7bf, pcode error at 004236bd: Unable to resolve constructor at 004236bd (DecompileCallback)
WARN  Decompiling 0040d7bf, pcode error at 0042354e: Unable to resolve constructor at 0042354e (DecompileCallback)
WARN  Decompiling 0040d7bf, pcode error at 0042354c: Unable to resolve constructor at 0042354c (DecompileCallback)
WARN  Decompiling 0040d80d, pcode error at 00423637: Unable to resolve constructor at 00423637 (DecompileCallback)
WARN  Decompiling 0040d80d, pcode error at 0042366e: Unable to resolve constructor at 0042366e (DecompileCallback)
WARN  Decompiling 0040d80d, pcode error at 004236ad: Unable to resolve constructor at 004236ad (DecompileCallback)
WARN  Decompiling 0040d80d, pcode error at 004236bd: Unable to resolve constructor at 004236bd (DecompileCallback)
WARN  Decompiling 0040d80d, pcode error at 0042354e: Unable to resolve constructor at 0042354e (DecompileCallback)
WARN  Decompiling 0040d80d, pcode error at 0042354c: Unable to resolve constructor at 0042354c (DecompileCallback)
WARN  Decompiling 0040d769, pcode error at 00423637: Unable to resolve constructor at 00423637 (DecompileCallback)
WARN  Decompiling 0040d769, pcode error at 0042366e: Unable to resolve constructor at 0042366e (DecompileCallback)
WARN  Decompiling 0040d769, pcode error at 004236ad: Unable to resolve constructor at 004236ad (DecompileCallback)
WARN  Decompiling 0040d769, pcode error at 004236bd: Unable to resolve constructor at 004236bd (DecompileCallback)
WARN  Decompiling 0040d769, pcode error at 0042354e: Unable to resolve constructor at 0042354e (DecompileCallback)
WARN  Decompiling 0040d769, pcode error at 0042354c: Unable to resolve constructor at 0042354c (DecompileCallback)
WARN  Decompiling 0040d847, pcode error at 00423637: Unable to resolve constructor at 00423637 (DecompileCallback)
WARN  Decompiling 0040d847, pcode error at 0042366e: Unable to resolve constructor at 0042366e (DecompileCallback)
WARN  Decompiling 0040d847, pcode error at 004236ad: Unable to resolve constructor at 004236ad (DecompileCallback)
WARN  Decompiling 0040d847, pcode error at 004236bd: Unable to resolve constructor at 004236bd (DecompileCallback)
WARN  Decompiling 0040d847, pcode error at 0042354e: Unable to resolve constructor at 0042354e (DecompileCallback)
WARN  Decompiling 0040d847, pcode error at 0042354c: Unable to resolve constructor at 0042354c (DecompileCallback)
WARN  Decompiling 0040d8dc, pcode error at 00423637: Unable to resolve constructor at 00423637 (DecompileCallback)
WARN  Decompiling 0040d8dc, pcode error at 0042366e: Unable to resolve constructor at 0042366e (DecompileCallback)
WARN  Decompiling 0040d8dc, pcode error at 004236ad: Unable to resolve constructor at 004236ad (DecompileCallback)
WARN  Decompiling 0040d8dc, pcode error at 004236bd: Unable to resolve constructor at 004236bd (DecompileCallback)
WARN  Decompiling 0040d8dc, pcode error at 0042354e: Unable to resolve constructor at 0042354e (DecompileCallback)
WARN  Decompiling 0040d8dc, pcode error at 0042354c: Unable to resolve constructor at 0042354c (DecompileCallback)
WARN  Decompiling 0040dfb0, pcode error at 00423637: Unable to resolve constructor at 00423637 (DecompileCallback)
WARN  Decompiling 0040dfb0, pcode error at 0042366e: Unable to resolve constructor at 0042366e (DecompileCallback)
WARN  Decompiling 0040dfb0, pcode error at 004236ad: Unable to resolve constructor at 004236ad (DecompileCallback)
WARN  Decompiling 0040dfb0, pcode error at 004236bd: Unable to resolve constructor at 004236bd (DecompileCallback)
WARN  Decompiling 0040d960, pcode error at 00423637: Unable to resolve constructor at 00423637 (DecompileCallback)
WARN  Decompiling 0040d960, pcode error at 0042366e: Unable to resolve constructor at 0042366e (DecompileCallback)
WARN  Decompiling 0040dfb0, pcode error at 0042354e: Unable to resolve constructor at 0042354e (DecompileCallback)
WARN  Decompiling 0040dfb0, pcode error at 0042354c: Unable to resolve constructor at 0042354c (DecompileCallback)
WARN  Decompiling 0040d960, pcode error at 004236ad: Unable to resolve constructor at 004236ad (DecompileCallback)
WARN  Decompiling 0040d960, pcode error at 004236bd: Unable to resolve constructor at 004236bd (DecompileCallback)
WARN  Decompiling 0040d907, pcode error at 00423637: Unable to resolve constructor at 00423637 (DecompileCallback)
WARN  Decompiling 0040d907, pcode error at 0042366e: Unable to resolve constructor at 0042366e (DecompileCallback)
WARN  Decompiling 0040d960, pcode error at 0042354e: Unable to resolve constructor at 0042354e (DecompileCallback)
WARN  Decompiling 0040d960, pcode error at 0042354c: Unable to resolve constructor at 0042354c (DecompileCallback)
WARN  Decompiling 0040d907, pcode error at 004236ad: Unable to resolve constructor at 004236ad (DecompileCallback)
WARN  Decompiling 0040d907, pcode error at 004236bd: Unable to resolve constructor at 004236bd (DecompileCallback)
WARN  Decompiling 0040d907, pcode error at 0042354e: Unable to resolve constructor at 0042354e (DecompileCallback)
WARN  Decompiling 0040d907, pcode error at 0042354c: Unable to resolve constructor at 0042354c (DecompileCallback)
WARN  Decompiling 0040e23b, pcode error at 00423637: Unable to resolve constructor at 00423637 (DecompileCallback)
WARN  Decompiling 0040e23b, pcode error at 0042366e: Unable to resolve constructor at 0042366e (DecompileCallback)
WARN  Decompiling 0040e23b, pcode error at 004236ad: Unable to resolve constructor at 004236ad (DecompileCallback)
WARN  Decompiling 0040e23b, pcode error at 004236bd: Unable to resolve constructor at 004236bd (DecompileCallback)
WARN  Decompiling 0040e2c9, pcode error at 00423637: Unable to resolve constructor at 00423637 (DecompileCallback)
WARN  Decompiling 0040e2c9, pcode error at 0042366e: Unable to resolve constructor at 0042366e (DecompileCallback)
WARN  Decompiling 0040e2c9, pcode error at 004236ad: Unable to resolve constructor at 004236ad (DecompileCallback)
WARN  Decompiling 0040e2c9, pcode error at 004236bd: Unable to resolve constructor at 004236bd (DecompileCallback)
WARN  Decompiling 0040e23b, pcode error at 0042354e: Unable to resolve constructor at 0042354e (DecompileCallback)
WARN  Decompiling 0040e23b, pcode error at 0042354c: Unable to resolve constructor at 0042354c (DecompileCallback)
WARN  Decompiling 0040e2c9, pcode error at 0042354e: Unable to resolve constructor at 0042354e (DecompileCallback)
WARN  Decompiling 0040e2c9, pcode error at 0042354c: Unable to resolve constructor at 0042354c (DecompileCallback)
WARN  Decompiling 0040e0e7, pcode error at 00423637: Unable to resolve constructor at 00423637 (DecompileCallback)
WARN  Decompiling 0040e0e7, pcode error at 0042366e: Unable to resolve constructor at 0042366e (DecompileCallback)
WARN  Decompiling 0040e0e7, pcode error at 004236ad: Unable to resolve constructor at 004236ad (DecompileCallback)
WARN  Decompiling 0040e0e7, pcode error at 004236bd: Unable to resolve constructor at 004236bd (DecompileCallback)
WARN  Decompiling 0040e0e7, pcode error at 0042354e: Unable to resolve constructor at 0042354e (DecompileCallback)
WARN  Decompiling 0040e0e7, pcode error at 0042354c: Unable to resolve constructor at 0042354c (DecompileCallback)
WARN  Decompiling 0040e3a9, pcode error at 00423637: Unable to resolve constructor at 00423637 (DecompileCallback)
WARN  Decompiling 0040e3a9, pcode error at 0042366e: Unable to resolve constructor at 0042366e (DecompileCallback)
WARN  Decompiling 0040e3a9, pcode error at 004236ad: Unable to resolve constructor at 004236ad (DecompileCallback)
WARN  Decompiling 0040e3a9, pcode error at 004236bd: Unable to resolve constructor at 004236bd (DecompileCallback)
WARN  Decompiling 0040e3a9, pcode error at 0042354e: Unable to resolve constructor at 0042354e (DecompileCallback)
WARN  Decompiling 0040e3a9, pcode error at 0042354c: Unable to resolve constructor at 0042354c (DecompileCallback)
WARN  Decompiling 0040e440, pcode error at 00423637: Unable to resolve constructor at 00423637 (DecompileCallback)
WARN  Decompiling 0040e440, pcode error at 0042366e: Unable to resolve constructor at 0042366e (DecompileCallback)
WARN  Decompiling 0040e440, pcode error at 004236ad: Unable to resolve constructor at 004236ad (DecompileCallback)
WARN  Decompiling 0040e440, pcode error at 004236bd: Unable to resolve constructor at 004236bd (DecompileCallback)
WARN  Decompiling 0040e440, pcode error at 0042354e: Unable to resolve constructor at 0042354e (DecompileCallback)
WARN  Decompiling 0040e440, pcode error at 0042354c: Unable to resolve constructor at 0042354c (DecompileCallback)
WARN  Decompiling 0040e53f, pcode error at 00423637: Unable to resolve constructor at 00423637 (DecompileCallback)
WARN  Decompiling 0040e53f, pcode error at 0042366e: Unable to resolve constructor at 0042366e (DecompileCallback)
WARN  Decompiling 0040e53f, pcode error at 004236ad: Unable to resolve constructor at 004236ad (DecompileCallback)
WARN  Decompiling 0040e520, pcode error at 00423637: Unable to resolve constructor at 00423637 (DecompileCallback)
WARN  Decompiling 0040e53f, pcode error at 004236bd: Unable to resolve constructor at 004236bd (DecompileCallback)
WARN  Decompiling 0040e520, pcode error at 0042366e: Unable to resolve constructor at 0042366e (DecompileCallback)
WARN  Decompiling 0040e520, pcode error at 004236ad: Unable to resolve constructor at 004236ad (DecompileCallback)
WARN  Decompiling 0040e520, pcode error at 004236bd: Unable to resolve constructor at 004236bd (DecompileCallback)
WARN  Decompiling 0040e53f, pcode error at 0042354e: Unable to resolve constructor at 0042354e (DecompileCallback)
WARN  Decompiling 0040e53f, pcode error at 0042354c: Unable to resolve constructor at 0042354c (DecompileCallback)
WARN  Decompiling 0040e520, pcode error at 0042354e: Unable to resolve constructor at 0042354e (DecompileCallback)
WARN  Decompiling 0040e520, pcode error at 0042354c: Unable to resolve constructor at 0042354c (DecompileCallback)
WARN  Decompiling 0040e5f6, pcode error at 00423637: Unable to resolve constructor at 00423637 (DecompileCallback)
WARN  Decompiling 0040e5f6, pcode error at 0042366e: Unable to resolve constructor at 0042366e (DecompileCallback)
WARN  Decompiling 0040e5f6, pcode error at 004236ad: Unable to resolve constructor at 004236ad (DecompileCallback)
WARN  Decompiling 0040e5f6, pcode error at 004236bd: Unable to resolve constructor at 004236bd (DecompileCallback)
WARN  Decompiling 0040e5f6, pcode error at 0042354e: Unable to resolve constructor at 0042354e (DecompileCallback)
WARN  Decompiling 0040e5f6, pcode error at 0042354c: Unable to resolve constructor at 0042354c (DecompileCallback)
WARN  Decompiling 0040e60c, pcode error at 00423637: Unable to resolve constructor at 00423637 (DecompileCallback)
WARN  Decompiling 0040e60c, pcode error at 0042366e: Unable to resolve constructor at 0042366e (DecompileCallback)
WARN  Decompiling 0040e60c, pcode error at 004236ad: Unable to resolve constructor at 004236ad (DecompileCallback)
WARN  Decompiling 0040e60c, pcode error at 004236bd: Unable to resolve constructor at 004236bd (DecompileCallback)
WARN  Decompiling 0040e781, pcode error at 00423637: Unable to resolve constructor at 00423637 (DecompileCallback)
WARN  Decompiling 0040e781, pcode error at 0042366e: Unable to resolve constructor at 0042366e (DecompileCallback)
WARN  Decompiling 0040e781, pcode error at 004236ad: Unable to resolve constructor at 004236ad (DecompileCallback)
WARN  Decompiling 0040e781, pcode error at 004236bd: Unable to resolve constructor at 004236bd (DecompileCallback)
WARN  Decompiling 0040e60c, pcode error at 0042354e: Unable to resolve constructor at 0042354e (DecompileCallback)
WARN  Decompiling 0040e60c, pcode error at 0042354c: Unable to resolve constructor at 0042354c (DecompileCallback)
WARN  Decompiling 0040e781, pcode error at 0042354e: Unable to resolve constructor at 0042354e (DecompileCallback)
WARN  Decompiling 0040e781, pcode error at 0042354c: Unable to resolve constructor at 0042354c (DecompileCallback)
WARN  Decompiling 0040e7c8, pcode error at 00423637: Unable to resolve constructor at 00423637 (DecompileCallback)
WARN  Decompiling 0040e7c8, pcode error at 0042366e: Unable to resolve constructor at 0042366e (DecompileCallback)
WARN  Decompiling 0040e7c8, pcode error at 004236ad: Unable to resolve constructor at 004236ad (DecompileCallback)
WARN  Decompiling 0040e7c8, pcode error at 004236bd: Unable to resolve constructor at 004236bd (DecompileCallback)
WARN  Decompiling 0040e7c8, pcode error at 0042354e: Unable to resolve constructor at 0042354e (DecompileCallback)
WARN  Decompiling 0040e7c8, pcode error at 0042354c: Unable to resolve constructor at 0042354c (DecompileCallback)
WARN  Decompiling 0040e905, pcode error at 00423637: Unable to resolve constructor at 00423637 (DecompileCallback)
WARN  Decompiling 0040e905, pcode error at 0042366e: Unable to resolve constructor at 0042366e (DecompileCallback)
WARN  Decompiling 0040e905, pcode error at 004236ad: Unable to resolve constructor at 004236ad (DecompileCallback)
WARN  Decompiling 0040e905, pcode error at 004236bd: Unable to resolve constructor at 004236bd (DecompileCallback)
WARN  Decompiling 0040e905, pcode error at 0042354e: Unable to resolve constructor at 0042354e (DecompileCallback)
WARN  Decompiling 0040e905, pcode error at 0042354c: Unable to resolve constructor at 0042354c (DecompileCallback)
WARN  Decompiling 004235ed, pcode error at 00423637: Unable to resolve constructor at 00423637 (DecompileCallback)
WARN  Decompiling 004235ed, pcode error at 0042366e: Unable to resolve constructor at 0042366e (DecompileCallback)
WARN  Decompiling 004235ed, pcode error at 004236ad: Unable to resolve constructor at 004236ad (DecompileCallback)
WARN  Decompiling 004235ed, pcode error at 004236bd: Unable to resolve constructor at 004236bd (DecompileCallback)
WARN  Decompiling 00410e80, pcode error at 00423637: Unable to resolve constructor at 00423637 (DecompileCallback)
WARN  Decompiling 00410e80, pcode error at 0042366e: Unable to resolve constructor at 0042366e (DecompileCallback)
WARN  Decompiling 00410e80, pcode error at 004236ad: Unable to resolve constructor at 004236ad (DecompileCallback)
WARN  Decompiling 00410e80, pcode error at 004236bd: Unable to resolve constructor at 004236bd (DecompileCallback)
WARN  Decompiling 00410e80, pcode error at 0042354e: Unable to resolve constructor at 0042354e (DecompileCallback)
WARN  Decompiling 00410e80, pcode error at 0042354c: Unable to resolve constructor at 0042354c (DecompileCallback)
WARN  Decompiling 00410e86, pcode error at 00423637: Unable to resolve constructor at 00423637 (DecompileCallback)
WARN  Decompiling 00410e86, pcode error at 0042366e: Unable to resolve constructor at 0042366e (DecompileCallback)
WARN  Decompiling 00410e86, pcode error at 004236ad: Unable to resolve constructor at 004236ad (DecompileCallback)
WARN  Decompiling 00410e86, pcode error at 004236bd: Unable to resolve constructor at 004236bd (DecompileCallback)
WARN  Decompiling 00410e86, pcode error at 0042354e: Unable to resolve constructor at 0042354e (DecompileCallback)
WARN  Decompiling 00410e86, pcode error at 0042354c: Unable to resolve constructor at 0042354c (DecompileCallback)
INFO  DisrobeMetrics.java> DisrobeMetrics wrote ${RUN_DIRECTORY}\metrics\pecompact_clockres_unpacked.json (GhidraScript)
INFO  ANALYZING changes made by post scripts: file:///${RUN_DIRECTORY}/export/pecompact_clockres-b2a67df165d642aa957b262c13a7315c/Clockres.packed.pecompact.unpacked.exe (HeadlessAnalyzer)
INFO  REPORT: Post-analysis succeeded for file: file:///${RUN_DIRECTORY}/export/pecompact_clockres-b2a67df165d642aa957b262c13a7315c/Clockres.packed.pecompact.unpacked.exe (HeadlessAnalyzer)
INFO  /Clockres.packed.pecompact.unpacked.exe: file created (-) (LocalFileSystem)
INFO  REPORT: Save succeeded for: /Clockres.packed.pecompact.unpacked.exe (pecompact_clockres_unpacked:/Clockres.packed.pecompact.unpacked.exe) (HeadlessAnalyzer)
INFO  REPORT: Import succeeded (HeadlessAnalyzer)
WARNING: A terminally deprecated method in sun.misc.Unsafe has been called
WARNING: sun.misc.Unsafe::staticFieldOffset has been called by org.apache.felix.framework.util.SecureAction (file:/${GHIDRA_HOME}/Ghidra/Features/Base/lib/org.apache.felix.framework-7.0.5.jar)
WARNING: Please consider reporting this to the maintainers of class org.apache.felix.framework.util.SecureAction
WARNING: sun.misc.Unsafe::staticFieldOffset will be removed in a future release
