INFO  Using log config file: jar:file:/${GHIDRA_HOME}/Ghidra/Framework/Generic/lib/Generic.jar!/generic.log4j.xml (LoggingInitialization)
INFO  Using log file: ${APPDATA}\ghidra\ghidra_12.1.2_PUBLIC\application.log (LoggingInitialization)
INFO  Loading user preferences: ${APPDATA}\ghidra\ghidra_12.1.2_PUBLIC\preferences (Preferences)
INFO  Loading previous preferences: ${APPDATA}\ghidra\ghidra_12.1.3_PUBLIC\preferences (Preferences)
INFO  Searching for classes... (ClassSearcher)
INFO  Class search complete (549 ms) (ClassSearcher)
INFO  Initializing SSL Context (DefaultSSLContextInitializer)
INFO  Initializing Random Number Generator... (SecureRandomFactory)
INFO  Random Number Generator initialization complete: SHA1PRNG (SecureRandomFactory)
INFO  Trust manager disabled, cacerts have not been set (DefaultTrustManagerFactory)
INFO  Headless startup complete (1756 ms) (AnalyzeHeadless)
INFO  Class searcher loaded 59 extension points (20 false positives) (ClassSearcher)
INFO  HEADLESS Script Paths:
    ${GHIDRA_HOME}\Ghidra\Features\SwiftDemangler\ghidra_scripts
    ${GHIDRA_HOME}\Ghidra\Processors\PIC\ghidra_scripts
    ${GHIDRA_HOME}\Ghidra\Processors\JVM\ghidra_scripts
    ${GHIDRA_HOME}\Ghidra\Features\DecompilerDependent\ghidra_scripts
    ${GHIDRA_HOME}\Ghidra\Features\Decompiler\ghidra_scripts
    ${GHIDRA_HOME}\Ghidra\Processors\DATA\ghidra_scripts
    ${GHIDRA_HOME}\Ghidra\Processors\8051\ghidra_scripts
    ${GHIDRA_HOME}\Ghidra\Processors\Atmel\ghidra_scripts
    ${GHIDRA_HOME}\Ghidra\Features\PDB\ghidra_scripts
    ${GHIDRA_HOME}\Ghidra\Features\WildcardAssembler\ghidra_scripts
    ${GHIDRA_HOME}\Ghidra\Features\GnuDemangler\ghidra_scripts
    ${GHIDRA_HOME}\Ghidra\Features\PyGhidra\ghidra_scripts
    ${GHIDRA_HOME}\Ghidra\Debug\Debugger\ghidra_scripts
    ${REPOSITORY_ROOT}\benches\ghidra-cleaner-input
    ${GHIDRA_HOME}\Ghidra\Features\SystemEmulation\ghidra_scripts
    ${GHIDRA_HOME}\Ghidra\Features\BSim\ghidra_scripts
    ${GHIDRA_HOME}\Ghidra\Features\MicrosoftCodeAnalyzer\ghidra_scripts
    ${GHIDRA_HOME}\Ghidra\Features\Base\ghidra_scripts
    ${GHIDRA_HOME}\Ghidra\Features\FunctionID\ghidra_scripts
    ${GHIDRA_HOME}\Ghidra\Debug\Debugger-rmi-trace\ghidra_scripts
    ${GHIDRA_HOME}\Ghidra\Features\FileFormats\ghidra_scripts
    ${GHIDRA_HOME}\Ghidra\Features\VersionTracking\ghidra_scripts
    ${GHIDRA_HOME}\Ghidra\Features\BytePatterns\ghidra_scripts (HeadlessAnalyzer)
INFO  HEADLESS: execution starts (HeadlessAnalyzer)
INFO  Creating temporary project: ${RUN_DIRECTORY}\projects\kkrunchy_classic_unpacked-d0b0ac07d27842a5863139da4c0cd5e1\kkrunchy_classic_unpacked (HeadlessAnalyzer)
INFO  Creating project: ${RUN_DIRECTORY}\projects\kkrunchy_classic_unpacked-d0b0ac07d27842a5863139da4c0cd5e1\kkrunchy_classic_unpacked (DefaultProject)
INFO  REPORT: Processing input files:  (HeadlessAnalyzer)
INFO       project: ${RUN_DIRECTORY}\projects\kkrunchy_classic_unpacked-d0b0ac07d27842a5863139da4c0cd5e1\kkrunchy_classic_unpacked (HeadlessAnalyzer)
INFO  IMPORTING: file:///${RUN_DIRECTORY}/export/kkrunchy_classic-0b4d7e2743c1469baa2dd675a44710b9/hello.packed.kkrunchy_classic.unpacked.exe (HeadlessAnalyzer)
INFO  Using Loader: Portable Executable (PE) (ProgramLoader)
INFO  Using Language/Compiler: x86:LE:32:default:windows (ProgramLoader)
INFO  Using Library Search Path: [host-specific search path omitted from public export]
INFO  Additional info:
Loading file:///${RUN_DIRECTORY}/export/kkrunchy_classic-0b4d7e2743c1469baa2dd675a44710b9/hello.packed.kkrunchy_classic.unpacked.exe?MD5=e32cf2328472fe51d3c6388f253803b2...
------------------------------------------------

Searching 45 paths for library KERNEL32.DLL...
Loading file:///${SYSTEM_ROOT}/SysWOW64/kernel32.dll?MD5=2d8ecc5a2aade7639ca790ef2e8e6e36...
Using existing exports file: ${APPDATA}\ghidra\ghidra_12.1.2_PUBLIC\symbols\win32\kernel32.exports
Library not saved to project.
------------------------------------------------

Applying ${APPDATA}\ghidra\ghidra_12.1.2_PUBLIC\symbols\win32\kernel32.exports
Linking the External Programs of 'hello.packed.kkrunchy_classic.unpacked.exe' to imported libraries...
  [KERNEL32.DLL] -> not found in project
------------------------------------------------

 (ProgramLoader)
INFO  IMPORTING: Loaded 0 additional files (HeadlessAnalyzer)
INFO  ANALYZING all memory and code: file:///${RUN_DIRECTORY}/export/kkrunchy_classic-0b4d7e2743c1469baa2dd675a44710b9/hello.packed.kkrunchy_classic.unpacked.exe (HeadlessAnalyzer)
WARN  Ignoring leading '_' chars on no-return name '___raise_securityfailure' specified in file: ${GHIDRA_HOME}\Ghidra\Features\Base\data\PEFunctionsThatDoNotReturn (NoReturnFunctionAnalyzer)
WARN  Ignoring leading '_' chars on no-return name '___report_rangecheckfailure' specified in file: ${GHIDRA_HOME}\Ghidra\Features\Base\data\PEFunctionsThatDoNotReturn (NoReturnFunctionAnalyzer)
INFO  Skipping PDB processing: missing PDB information in program metadata (PdbUniversalAnalyzer)
INFO  Packed database cache: ${LOCALAPPDATA}\ghidra\packed-db-cache (PackedDatabaseCache)
INFO  Applied data type archive: windows_vs12_32 (ApplyDataArchiveAnalyzer)
INFO  Applied data type archive: windows_vs12_32 (ApplyDataArchiveAnalyzer)
INFO  -----------------------------------------------------
    ASCII Strings                              0.246 secs
    Apply Data Archives                        0.473 secs
    Call Convention ID                         0.000 secs
    Call-Fixup Installer                       0.012 secs
    Create Address Tables                      0.003 secs
    Create Function                            0.000 secs
    Data Reference                             0.002 secs
    Decompiler Parameter ID                    0.258 secs
    Decompiler Switch Analysis                 0.000 secs
    Demangler Microsoft                        0.004 secs
    Disassemble Entry Points                   0.022 secs
    Embedded Media                             0.006 secs
    External Entry References                  0.000 secs
    Function ID                                0.077 secs
    Function Start Pre Search                  0.008 secs
    Function Start Search                      0.050 secs
    Function Start Search After Code           0.000 secs
    Function Start Search After Data           0.000 secs
    Non-Returning Functions - Discovered       0.000 secs
    Non-Returning Functions - Known            0.004 secs
    PDB Universal                              0.001 secs
    Reference                                  0.003 secs
    Scalar Operand References                  0.002 secs
    Shared Return Calls                        0.002 secs
    Stack                                      0.002 secs
    Subroutine References                      0.000 secs
    Subroutine References - One Time           0.000 secs
    WindowsResourceReference                   0.417 secs
    X86 Function Callee Purge                  0.000 secs
    x86 Constant Reference Analyzer            0.019 secs
-----------------------------------------------------
     Total Time   1 secs
-----------------------------------------------------
 (AutoAnalysisManager)
INFO  REPORT: Analysis succeeded for file: file:///${RUN_DIRECTORY}/export/kkrunchy_classic-0b4d7e2743c1469baa2dd675a44710b9/hello.packed.kkrunchy_classic.unpacked.exe (HeadlessAnalyzer)
INFO  REPORT: Execute script: GhidraReport.java '${RUN_DIRECTORY}\reports\kkrunchy_classic_unpacked.json'  (HeadlessAnalyzer)
INFO  SCRIPT: ${REPOSITORY_ROOT}\benches\ghidra-cleaner-input\GhidraReport.java (HeadlessAnalyzer)
INFO  GhidraReport.java> GhidraReport wrote ${RUN_DIRECTORY}\reports\kkrunchy_classic_unpacked.json (GhidraScript)
INFO  ANALYZING changes made by post scripts: file:///${RUN_DIRECTORY}/export/kkrunchy_classic-0b4d7e2743c1469baa2dd675a44710b9/hello.packed.kkrunchy_classic.unpacked.exe (HeadlessAnalyzer)
INFO  REPORT: Post-analysis succeeded for file: file:///${RUN_DIRECTORY}/export/kkrunchy_classic-0b4d7e2743c1469baa2dd675a44710b9/hello.packed.kkrunchy_classic.unpacked.exe (HeadlessAnalyzer)
INFO  /hello.packed.kkrunchy_classic.unpacked.exe: file created (-) (LocalFileSystem)
INFO  REPORT: Save succeeded for: /hello.packed.kkrunchy_classic.unpacked.exe (kkrunchy_classic_unpacked:/hello.packed.kkrunchy_classic.unpacked.exe) (HeadlessAnalyzer)
INFO  REPORT: Import succeeded (HeadlessAnalyzer)
WARNING: A terminally deprecated method in sun.misc.Unsafe has been called
WARNING: sun.misc.Unsafe::staticFieldOffset has been called by org.apache.felix.framework.util.SecureAction (file:/${GHIDRA_HOME}/Ghidra/Features/Base/lib/org.apache.felix.framework-7.0.5.jar)
WARNING: Please consider reporting this to the maintainers of class org.apache.felix.framework.util.SecureAction
WARNING: sun.misc.Unsafe::staticFieldOffset will be removed in a future release
