INFO  Using log config file: jar:file:/${GHIDRA_HOME}/Ghidra/Framework/Generic/lib/Generic.jar!/generic.log4j.xml (LoggingInitialization)
INFO  Using log file: ${APPDATA}\ghidra\ghidra_12.1.2_PUBLIC\application.log (LoggingInitialization)
INFO  Loading user preferences: ${APPDATA}\ghidra\ghidra_12.1.2_PUBLIC\preferences (Preferences)
INFO  Loading previous preferences: ${APPDATA}\ghidra\ghidra_12.1.3_PUBLIC\preferences (Preferences)
INFO  Searching for classes... (ClassSearcher)
INFO  Class search complete (435 ms) (ClassSearcher)
INFO  Initializing SSL Context (DefaultSSLContextInitializer)
INFO  Initializing Random Number Generator... (SecureRandomFactory)
INFO  Random Number Generator initialization complete: SHA1PRNG (SecureRandomFactory)
INFO  Trust manager disabled, cacerts have not been set (DefaultTrustManagerFactory)
INFO  Headless startup complete (1676 ms) (AnalyzeHeadless)
INFO  Class searcher loaded 59 extension points (20 false positives) (ClassSearcher)
INFO  HEADLESS Script Paths:
    ${GHIDRA_HOME}\Ghidra\Features\SwiftDemangler\ghidra_scripts
    ${GHIDRA_HOME}\Ghidra\Processors\PIC\ghidra_scripts
    ${GHIDRA_HOME}\Ghidra\Processors\JVM\ghidra_scripts
    ${GHIDRA_HOME}\Ghidra\Features\DecompilerDependent\ghidra_scripts
    ${GHIDRA_HOME}\Ghidra\Features\Decompiler\ghidra_scripts
    ${GHIDRA_HOME}\Ghidra\Processors\DATA\ghidra_scripts
    ${GHIDRA_HOME}\Ghidra\Processors\8051\ghidra_scripts
    ${GHIDRA_HOME}\Ghidra\Processors\Atmel\ghidra_scripts
    ${GHIDRA_HOME}\Ghidra\Features\PDB\ghidra_scripts
    ${GHIDRA_HOME}\Ghidra\Features\WildcardAssembler\ghidra_scripts
    ${GHIDRA_HOME}\Ghidra\Features\GnuDemangler\ghidra_scripts
    ${GHIDRA_HOME}\Ghidra\Features\PyGhidra\ghidra_scripts
    ${GHIDRA_HOME}\Ghidra\Debug\Debugger\ghidra_scripts
    ${REPOSITORY_ROOT}\benches\ghidra-cleaner-input
    ${GHIDRA_HOME}\Ghidra\Features\SystemEmulation\ghidra_scripts
    ${GHIDRA_HOME}\Ghidra\Features\BSim\ghidra_scripts
    ${GHIDRA_HOME}\Ghidra\Features\MicrosoftCodeAnalyzer\ghidra_scripts
    ${GHIDRA_HOME}\Ghidra\Features\Base\ghidra_scripts
    ${GHIDRA_HOME}\Ghidra\Features\FunctionID\ghidra_scripts
    ${GHIDRA_HOME}\Ghidra\Debug\Debugger-rmi-trace\ghidra_scripts
    ${GHIDRA_HOME}\Ghidra\Features\FileFormats\ghidra_scripts
    ${GHIDRA_HOME}\Ghidra\Features\VersionTracking\ghidra_scripts
    ${GHIDRA_HOME}\Ghidra\Features\BytePatterns\ghidra_scripts (HeadlessAnalyzer)
INFO  HEADLESS: execution starts (HeadlessAnalyzer)
INFO  Creating temporary project: ${RUN_DIRECTORY}\projects\mew_autologon_unpacked-4e0d01d3591947a2b70a5c614017f027\mew_autologon_unpacked (HeadlessAnalyzer)
INFO  Creating project: ${RUN_DIRECTORY}\projects\mew_autologon_unpacked-4e0d01d3591947a2b70a5c614017f027\mew_autologon_unpacked (DefaultProject)
INFO  REPORT: Processing input files:  (HeadlessAnalyzer)
INFO       project: ${RUN_DIRECTORY}\projects\mew_autologon_unpacked-4e0d01d3591947a2b70a5c614017f027\mew_autologon_unpacked (HeadlessAnalyzer)
INFO  IMPORTING: file:///${RUN_DIRECTORY}/export/mew_autologon-a924e6274ca34c188a48d2e676cde456/Autologon.packed.mew.unpacked.exe (HeadlessAnalyzer)
INFO  Using Loader: Portable Executable (PE) (ProgramLoader)
INFO  Using Language/Compiler: x86:LE:32:default:windows (ProgramLoader)
INFO  Using Library Search Path: [host-specific search path omitted from public export]
INFO  Additional info:
Loading file:///${RUN_DIRECTORY}/export/mew_autologon-a924e6274ca34c188a48d2e676cde456/Autologon.packed.mew.unpacked.exe?MD5=d38e314a4ab448117e3163508c718409...
------------------------------------------------

 (ProgramLoader)
INFO  IMPORTING: Loaded 0 additional files (HeadlessAnalyzer)
INFO  ANALYZING all memory and code: file:///${RUN_DIRECTORY}/export/mew_autologon-a924e6274ca34c188a48d2e676cde456/Autologon.packed.mew.unpacked.exe (HeadlessAnalyzer)
WARN  Ignoring leading '_' chars on no-return name '___raise_securityfailure' specified in file: ${GHIDRA_HOME}\Ghidra\Features\Base\data\PEFunctionsThatDoNotReturn (NoReturnFunctionAnalyzer)
WARN  Ignoring leading '_' chars on no-return name '___report_rangecheckfailure' specified in file: ${GHIDRA_HOME}\Ghidra\Features\Base\data\PEFunctionsThatDoNotReturn (NoReturnFunctionAnalyzer)
INFO  Skipping PDB processing: missing PDB information in program metadata (PdbUniversalAnalyzer)
WARN  Decompiling 0040e300, pcode error at 900040e5: Could not follow disassembly flow into non-existing memory at 900040e5 (DecompileCallback)
WARN  Decompiling 004032a0, pcode error at 90004035: Could not follow disassembly flow into non-existing memory at 90004035 (DecompileCallback)
INFO  Packed database cache: ${LOCALAPPDATA}\ghidra\packed-db-cache (PackedDatabaseCache)
INFO  Applied data type archive: windows_vs12_32 (ApplyDataArchiveAnalyzer)
INFO  Applied data type archive: windows_vs12_32 (ApplyDataArchiveAnalyzer)
WARN  Decompiling 0040e300, pcode error at 900040e5: Could not follow disassembly flow into non-existing memory at 900040e5 (DecompileCallback)
WARN  Decompiling 004032a0, pcode error at 90004035: Could not follow disassembly flow into non-existing memory at 90004035 (DecompileCallback)
INFO  -----------------------------------------------------
    ASCII Strings                              0.297 secs
    Apply Data Archives                        0.421 secs
    Call Convention ID                         0.000 secs
    Call-Fixup Installer                       0.007 secs
    Create Address Tables                      0.010 secs
    Create Address Tables - One Time           0.165 secs
    Create Function                            0.084 secs
    Data Reference                             0.479 secs
    Decompiler Parameter ID                    3.002 secs
    Decompiler Switch Analysis                 4.328 secs
    Demangler Microsoft                        0.011 secs
    Disassemble                                0.419 secs
    Disassemble Entry Points                   0.033 secs
    Embedded Media                             0.011 secs
    External Entry References                  0.000 secs
    Function ID                                0.316 secs
    Function Start Pre Search                  0.016 secs
    Function Start Search                      0.056 secs
    Function Start Search After Code           0.006 secs
    Function Start Search After Data           0.012 secs
    Function Start Search delayed - One Time   0.000 secs
    Non-Returning Functions - Discovered       0.080 secs
    Non-Returning Functions - Known            0.003 secs
    PDB Universal                              0.001 secs
    Reference                                  0.477 secs
    Scalar Operand References                  0.091 secs
    Shared Return Calls                        0.050 secs
    Stack                                      0.611 secs
    Subroutine References                      0.026 secs
    WindowsResourceReference                   0.347 secs
    X86 Function Callee Purge                  0.021 secs
    x86 Constant Reference Analyzer            0.702 secs
-----------------------------------------------------
     Total Time   12 secs
-----------------------------------------------------
 (AutoAnalysisManager)
INFO  REPORT: Analysis succeeded for file: file:///${RUN_DIRECTORY}/export/mew_autologon-a924e6274ca34c188a48d2e676cde456/Autologon.packed.mew.unpacked.exe (HeadlessAnalyzer)
INFO  REPORT: Execute script: GhidraReport.java '${RUN_DIRECTORY}\reports\mew_autologon_unpacked.json'  (HeadlessAnalyzer)
INFO  SCRIPT: ${REPOSITORY_ROOT}\benches\ghidra-cleaner-input\GhidraReport.java (HeadlessAnalyzer)
INFO  GhidraReport.java> GhidraReport wrote ${RUN_DIRECTORY}\reports\mew_autologon_unpacked.json (GhidraScript)
INFO  ANALYZING changes made by post scripts: file:///${RUN_DIRECTORY}/export/mew_autologon-a924e6274ca34c188a48d2e676cde456/Autologon.packed.mew.unpacked.exe (HeadlessAnalyzer)
INFO  REPORT: Post-analysis succeeded for file: file:///${RUN_DIRECTORY}/export/mew_autologon-a924e6274ca34c188a48d2e676cde456/Autologon.packed.mew.unpacked.exe (HeadlessAnalyzer)
INFO  /Autologon.packed.mew.unpacked.exe: file created (-) (LocalFileSystem)
INFO  REPORT: Save succeeded for: /Autologon.packed.mew.unpacked.exe (mew_autologon_unpacked:/Autologon.packed.mew.unpacked.exe) (HeadlessAnalyzer)
INFO  REPORT: Import succeeded (HeadlessAnalyzer)
WARNING: A terminally deprecated method in sun.misc.Unsafe has been called
WARNING: sun.misc.Unsafe::staticFieldOffset has been called by org.apache.felix.framework.util.SecureAction (file:/${GHIDRA_HOME}/Ghidra/Features/Base/lib/org.apache.felix.framework-7.0.5.jar)
WARNING: Please consider reporting this to the maintainers of class org.apache.felix.framework.util.SecureAction
WARNING: sun.misc.Unsafe::staticFieldOffset will be removed in a future release
