dense -2 -1
sparse -2 0
unordered -2 0
dense -1 -1
sparse -1 0
unordered -1 0
dense 0 10
sparse 0 0
unordered 0 0
dense 1 20
sparse 1 0
unordered 1 100
dense 2 30
sparse 2 0
unordered 2 0
dense 3 40
sparse 3 0
unordered 3 300
dense 4 50
sparse 4 0
unordered 4 0
dense 5 -1
sparse 5 0
unordered 5 500
dense 6 -1
sparse 6 0
unordered 6 0
dense 7 -1
sparse 7 70
unordered 7 0
dense 8 -1
sparse 8 0
unordered 8 0
dense 9 -1
sparse 9 90
unordered 9 0
dense 10 -1
sparse 10 0
unordered 10 0
dense 11 -1
sparse 11 0
unordered 11 0
inLoop 0 0
inLoop 1 1
inLoop 2 11
inLoop 3 111
inLoop 4 112
inLoop 5 122
inLoop 6 222
inLoop 7 223
shared red 1
shared green 1
shared blue 2
shared teal 0
shared  0
shared RED 0
coalesce null 7 7
coalesce 3 7 3
coalesce 0 7 0
